Component: Arm Compiler for Embedded 6.22 Tool: armlink [5ee90200]

==============================================================================

Section Cross References

    main.o(.text.lib_usart0_on_recv) refers to main.o(.rodata.str1.1) for .L.str
    main.o(.text.lib_usart0_on_recv) refers to printfa.o(i.__0printf) for printf
    main.o(.ARM.exidx.text.lib_usart0_on_recv) refers to main.o(.text.lib_usart0_on_recv) for [Anonymous Symbol]
    main.o(.text.GPIO_config) refers to gd32f4xx_rcu.o(.text.rcu_periph_clock_enable) for rcu_periph_clock_enable
    main.o(.text.GPIO_config) refers to gd32f4xx_gpio.o(.text.gpio_mode_set) for gpio_mode_set
    main.o(.ARM.exidx.text.GPIO_config) refers to main.o(.text.GPIO_config) for [Anonymous Symbol]
    main.o(.text.task1) refers to main.o(.rodata.str1.1) for .L.str.1
    main.o(.text.task1) refers to printfa.o(i.__0printf) for printf
    main.o(.text.task1) refers to tasks.o(.text.vTaskDelay) for vTaskDelay
    main.o(.ARM.exidx.text.task1) refers to main.o(.text.task1) for [Anonymous Symbol]
    main.o(.text.task2) refers to main.o(.rodata.str1.1) for .L.str.2
    main.o(.text.task2) refers to printfa.o(i.__0printf) for printf
    main.o(.text.task2) refers to tasks.o(.text.vTaskDelay) for vTaskDelay
    main.o(.ARM.exidx.text.task2) refers to main.o(.text.task2) for [Anonymous Symbol]
    main.o(.text.start_task) refers to lib_usart.o(.text.lib_usart_init) for lib_usart_init
    main.o(.text.start_task) refers to lib_exti.o(.text.lib_exti_init) for lib_exti_init
    main.o(.text.start_task) refers to main.o(.text.GPIO_config) for GPIO_config
    main.o(.text.start_task) refers to main.o(.rodata.str1.1) for .L.str.3
    main.o(.text.start_task) refers to printfa.o(i.__0printf) for printf
    main.o(.text.start_task) refers to main.o(.bss.task1_Handle) for task1_Handle
    main.o(.text.start_task) refers to main.o(.text.task1) for task1
    main.o(.text.start_task) refers to tasks.o(.text.xTaskCreate) for xTaskCreate
    main.o(.text.start_task) refers to main.o(.bss.task2_Handle) for task2_Handle
    main.o(.text.start_task) refers to main.o(.text.task2) for task2
    main.o(.text.start_task) refers to main.o(.bss.start_Handle) for start_Handle
    main.o(.text.start_task) refers to tasks.o(.text.vTaskDelete) for vTaskDelete
    main.o(.ARM.exidx.text.start_task) refers to main.o(.text.start_task) for [Anonymous Symbol]
    main.o(.text.main) refers to main.o(.bss.start_Handle) for start_Handle
    main.o(.text.main) refers to main.o(.text.start_task) for start_task
    main.o(.text.main) refers to main.o(.rodata.str1.1) for .L.str.6
    main.o(.text.main) refers to tasks.o(.text.xTaskCreate) for xTaskCreate
    main.o(.text.main) refers to tasks.o(.text.vTaskStartScheduler) for vTaskStartScheduler
    main.o(.ARM.exidx.text.main) refers to main.o(.text.main) for [Anonymous Symbol]
    gd32f4xx_it.o(.ARM.exidx.text.NMI_Handler) refers to gd32f4xx_it.o(.text.NMI_Handler) for [Anonymous Symbol]
    gd32f4xx_it.o(.ARM.exidx.text.HardFault_Handler) refers to gd32f4xx_it.o(.text.HardFault_Handler) for [Anonymous Symbol]
    gd32f4xx_it.o(.ARM.exidx.text.MemManage_Handler) refers to gd32f4xx_it.o(.text.MemManage_Handler) for [Anonymous Symbol]
    gd32f4xx_it.o(.ARM.exidx.text.BusFault_Handler) refers to gd32f4xx_it.o(.text.BusFault_Handler) for [Anonymous Symbol]
    gd32f4xx_it.o(.ARM.exidx.text.UsageFault_Handler) refers to gd32f4xx_it.o(.text.UsageFault_Handler) for [Anonymous Symbol]
    gd32f4xx_it.o(.ARM.exidx.text.DebugMon_Handler) refers to gd32f4xx_it.o(.text.DebugMon_Handler) for [Anonymous Symbol]
    systick.o(.text.systick_config) refers to system_gd32f4xx.o(.data.SystemCoreClock) for SystemCoreClock
    systick.o(.text.systick_config) refers to systick.o(.text.SysTick_Config) for SysTick_Config
    systick.o(.text.systick_config) refers to systick.o(.text.__NVIC_SetPriority) for __NVIC_SetPriority
    systick.o(.ARM.exidx.text.systick_config) refers to systick.o(.text.systick_config) for [Anonymous Symbol]
    systick.o(.text.SysTick_Config) refers to systick.o(.text.__NVIC_SetPriority) for __NVIC_SetPriority
    systick.o(.ARM.exidx.text.SysTick_Config) refers to systick.o(.text.SysTick_Config) for [Anonymous Symbol]
    systick.o(.ARM.exidx.text.__NVIC_SetPriority) refers to systick.o(.text.__NVIC_SetPriority) for [Anonymous Symbol]
    systick.o(.text.delay_1ms) refers to systick.o(.bss.delay) for delay
    systick.o(.ARM.exidx.text.delay_1ms) refers to systick.o(.text.delay_1ms) for [Anonymous Symbol]
    systick.o(.text.delay_1us) refers to systick.o(.bss.delay) for delay
    systick.o(.ARM.exidx.text.delay_1us) refers to systick.o(.text.delay_1us) for [Anonymous Symbol]
    systick.o(.text.delay_decrement) refers to systick.o(.bss.delay) for delay
    systick.o(.ARM.exidx.text.delay_decrement) refers to systick.o(.text.delay_decrement) for [Anonymous Symbol]
    bsp_leds.o(.text.leds_init) refers to bsp_leds.o(.data.ledsw) for ledsw
[...]
    Removing timers.o(.text.xTimerGetExpiryTime), (20 bytes).
    Removing timers.o(.ARM.exidx.text.xTimerGetExpiryTime), (8 bytes).
    Removing timers.o(.text.pcTimerGetName), (16 bytes).
    Removing timers.o(.ARM.exidx.text.pcTimerGetName), (8 bytes).
    Removing timers.o(.text.xTimerIsTimerActive), (48 bytes).
    Removing timers.o(.ARM.exidx.text.xTimerIsTimerActive), (8 bytes).
    Removing timers.o(.text.pvTimerGetTimerID), (30 bytes).
    Removing timers.o(.ARM.exidx.text.pvTimerGetTimerID), (8 bytes).
    Removing timers.o(.text.vTimerSetTimerID), (30 bytes).
    Removing timers.o(.ARM.exidx.text.vTimerSetTimerID), (8 bytes).
    Removing timers.o(.text.xTimerPendFunctionCallFromISR), (58 bytes).
    Removing timers.o(.ARM.exidx.text.xTimerPendFunctionCallFromISR), (8 bytes).
    Removing timers.o(.text.xTimerPendFunctionCall), (58 bytes).
    Removing timers.o(.ARM.exidx.text.xTimerPendFunctionCall), (8 bytes).
    Removing timers.o(.text.uxTimerGetTimerNumber), (12 bytes).
    Removing timers.o(.ARM.exidx.text.uxTimerGetTimerNumber), (8 bytes).
    Removing timers.o(.text.vTimerSetTimerNumber), (16 bytes).
    Removing timers.o(.ARM.exidx.text.vTimerSetTimerNumber), (8 bytes).
    Removing timers.o(.ARM.exidx.text.prvGetNextExpireTime), (8 bytes).
    Removing timers.o(.ARM.exidx.text.prvProcessTimerOrBlockTask), (8 bytes).
    Removing timers.o(.ARM.exidx.text.prvProcessReceivedCommands), (8 bytes).
    Removing timers.o(.ARM.exidx.text.prvSampleTimeNow), (8 bytes).
    Removing timers.o(.ARM.exidx.text.prvProcessExpiredTimer), (8 bytes).
    Removing timers.o(.ARM.exidx.text.prvSwitchTimerLists), (8 bytes).
    Removing timers.o(.ARM.exidx.text.prvReloadTimer), (8 bytes).
    Removing timers.o(.ARM.exidx.text.prvInsertTimerInActiveList), (8 bytes).

973 unused section(s) (total 40422 bytes) removed from the image.

==============================================================================

Image Symbol Table

    Local Symbols

    Symbol Name                              Value     Ov Type        Size  Object(Section)

    ../clib/division.s                       0x00000000   Number         0  aeabi_sdiv.o ABSOLUTE
    ../clib/microlib/division.c              0x00000000   Number         0  uidiv.o ABSOLUTE
    ../clib/microlib/division.c              0x00000000   Number         0  uldiv.o ABSOLUTE
    ../clib/microlib/init/entry.s            0x00000000   Number         0  entry.o ABSOLUTE
    ../clib/microlib/init/entry.s            0x00000000   Number         0  entry2.o ABSOLUTE
    ../clib/microlib/init/entry.s            0x00000000   Number         0  entry5.o ABSOLUTE
    ../clib/microlib/init/entry.s            0x00000000   Number         0  entry7a.o ABSOLUTE
    ../clib/microlib/init/entry.s            0x00000000   Number         0  entry7b.o ABSOLUTE
    ../clib/microlib/init/entry.s            0x00000000   Number         0  entry8a.o ABSOLUTE
    ../clib/microlib/init/entry.s            0x00000000   Number         0  entry8b.o ABSOLUTE
    ../clib/microlib/init/entry.s            0x00000000   Number         0  entry9a.o ABSOLUTE
    ../clib/microlib/init/entry.s            0x00000000   Number         0  entry9b.o ABSOLUTE
    ../clib/microlib/init/entry.s            0x00000000   Number         0  entry10a.o ABSOLUTE
    ../clib/microlib/init/entry.s            0x00000000   Number         0  entry10b.o ABSOLUTE
    ../clib/microlib/init/entry.s            0x00000000   Number         0  entry11a.o ABSOLUTE
    ../clib/microlib/init/entry.s            0x00000000   Number         0  entry11b.o ABSOLUTE
    ../clib/microlib/longlong.c              0x00000000   Number         0  llshl.o ABSOLUTE
    ../clib/microlib/longlong.c              0x00000000   Number         0  llushr.o ABSOLUTE
    ../clib/microlib/longlong.c              0x00000000   Number         0  llsshr.o ABSOLUTE
    ../clib/microlib/printf/printf.c         0x00000000   Number         0  printfa.o ABSOLUTE
    ../clib/microlib/stdio/streams.c         0x00000000   Number         0  stdout.o ABSOLUTE
    ../clib/microlib/string/memcpy.c         0x00000000   Number         0  memcpya.o ABSOLUTE
    ../clib/microlib/string/memcpy.c         0x00000000   Number         0  memcpyb.o ABSOLUTE
    ../clib/microlib/string/memset.c         0x00000000   Number         0  memseta.o ABSOLUTE
    ../clib/microlib/stubs.s                 0x00000000   Number         0  iusefp.o ABSOLUTE
    ../fplib/microlib/fpadd.c                0x00000000   Number         0  dadd.o ABSOLUTE
    ../fplib/microlib/fpdiv.c                0x00000000   Number         0  ddiv.o ABSOLUTE
    ../fplib/microlib/fpepilogue.c           0x00000000   Number         0  depilogue.o ABSOLUTE
    ../fplib/microlib/fpfix.c                0x00000000   Number         0  dfixul.o ABSOLUTE
    ../fplib/microlib/fpmul.c                0x00000000   Number         0  dmul.o ABSOLUTE
    RTE/Device/GD32F407VE/startup_gd32f407_427.s 0x00000000   Number         0  startup_gd32f407_427.o ABSOLUTE
    bsp_leds.c                               0x00000000   Number         0  bsp_leds.o ABSOLUTE
    cdrcmple.s                               0x00000000   Number         0  cdrcmple.o ABSOLUTE
    clib_arm.c                               0x00000000   Number         0  clib_arm.o ABSOLUTE
    cmsis_os2.c                              0x00000000   Number         0  cmsis_os2.o ABSOLUTE
    croutine.c                               0x00000000   Number         0  croutine.o ABSOLUTE
    dc.s                                     0x00000000   Number         0  dc.o ABSOLUTE
    event_groups.c                           0x00000000   Number         0  event_groups.o ABSOLUTE
    freertos_evr.c                           0x00000000   Number         0  freertos_evr.o ABSOLUTE
    gd32f4xx_dma.c                           0x00000000   Number         0  gd32f4xx_dma.o ABSOLUTE
    gd32f4xx_exti.c                          0x00000000   Number         0  gd32f4xx_exti.o ABSOLUTE
    gd32f4xx_gpio.c                          0x00000000   Number         0  gd32f4xx_gpio.o ABSOLUTE
    gd32f4xx_it.c                            0x00000000   Number         0  gd32f4xx_it.o ABSOLUTE
    gd32f4xx_misc.c                          0x00000000   Number         0  gd32f4xx_misc.o ABSOLUTE
    gd32f4xx_pmu.c                           0x00000000   Number         0  gd32f4xx_pmu.o ABSOLUTE
    gd32f4xx_rcu.c                           0x00000000   Number         0  gd32f4xx_rcu.o ABSOLUTE
    gd32f4xx_syscfg.c                        0x00000000   Number         0  gd32f4xx_syscfg.o ABSOLUTE
    gd32f4xx_usart.c                         0x00000000   Number         0  gd32f4xx_usart.o ABSOLUTE
    handlers.s                               0x00000000   Number         0  handlers.o ABSOLUTE
    heap_4.c                                 0x00000000   Number         0  heap_4.o ABSOLUTE
    init.s                                   0x00000000   Number         0  init.o ABSOLUTE
    lib_exti.c                               0x00000000   Number         0  lib_exti.o ABSOLUTE
    lib_usart.c                              0x00000000   Number         0  lib_usart.o ABSOLUTE
    lib_usart0.c                             0x00000000   Number         0  lib_usart0.o ABSOLUTE
    list.c                                   0x00000000   Number         0  list.o ABSOLUTE
    main.c                                   0x00000000   Number         0  main.o ABSOLUTE
    os_systick.c                             0x00000000   Number         0  os_systick.o ABSOLUTE
    port.c                                   0x00000000   Number         0  port.o ABSOLUTE
    queue.c                                  0x00000000   Number         0  queue.o ABSOLUTE
    stream_buffer.c                          0x00000000   Number         0  stream_buffer.o ABSOLUTE
    system_gd32f4xx.c                        0x00000000   Number         0  system_gd32f4xx.o ABSOLUTE
    systick.c                                0x00000000   Number         0  systick.o ABSOLUTE
    tasks.c                                  0x00000000   Number         0  tasks.o ABSOLUTE
    timers.c                                 0x00000000   Number         0  timers.o ABSOLUTE
    RESET                                    0x08000000   Section      392  startup_gd32f407_427.o(RESET)
    .ARM.Collect$$$$00000000                 0x08000188   Section        0  entry.o(.ARM.Collect$$$$00000000)
    .ARM.Collect$$$$00000001                 0x08000188   Section        4  entry2.o(.ARM.Collect$$$$00000001)
    .ARM.Collect$$$$00000004                 0x0800018c   Section        4  entry5.o(.ARM.Collect$$$$00000004)
    .ARM.Collect$$$$00000008                 0x08000190   Section        0  entry7b.o(.ARM.Collect$$$$00000008)
    .ARM.Collect$$$$0000000A                 0x08000190   Section        0  entry8b.o(.ARM.Collect$$$$0000000A)
    .ARM.Collect$$$$0000000B                 0x08000190   Section        8  entry9a.o(.ARM.Collect$$$$0000000B)
    __lit__00000000                          0x08000198   Data           4  entry2.o(.ARM.Collect$$$$00002712)
    .ARM.Collect$$$$0000000D                 0x08000198   Section        0  entry10a.o(.ARM.Collect$$$$0000000D)
    .ARM.Collect$$$$0000000F                 0x08000198   Section        0  entry11a.o(.ARM.Collect$$$$0000000F)
    .ARM.Collect$$$$00002712                 0x08000198   Section        4  entry2.o(.ARM.Collect$$$$00002712)
    $v0                                      0x0800019c   Number         0  startup_gd32f407_427.o(.text)
    .text                                    0x0800019c   Section       36  startup_gd32f407_427.o(.text)
    .text                                    0x080001c0   Section        0  memcpya.o(.text)
    .text                                    0x080001e4   Section        0  memseta.o(.text)
    .text                                    0x08000208   Section        0  uidiv.o(.text)
    .text                                    0x08000234   Section        0  uldiv.o(.text)
    .text                                    0x08000296   Section        0  iusefp.o(.text)
    .text                                    0x08000296   Section        0  dadd.o(.text)
    .text                                    0x080003e4   Section        0  dmul.o(.text)
    .text                                    0x080004c8   Section        0  ddiv.o(.text)
    .text                                    0x080005a6   Section        0  dfixul.o(.text)
    .text                                    0x080005d8   Section       48  cdrcmple.o(.text)
    .text                                    0x08000608   Section       48  init.o(.text)
    .text                                    0x08000638   Section        0  llshl.o(.text)
    .text                                    0x08000656   Section        0  llushr.o(.text)
    .text                                    0x08000676   Section        0  llsshr.o(.text)
    .text                                    0x0800069a   Section        0  depilogue.o(.text)
    [Anonymous Symbol]                       0x08000754   Section        0  gd32f4xx_it.o(.text.BusFault_Handler)
    [Anonymous Symbol]                       0x08000758   Section        0  gd32f4xx_it.o(.text.DebugMon_Handler)
    [Anonymous Symbol]                       0x0800075c   Section        0  main.o(.text.GPIO_config)
    [Anonymous Symbol]                       0x08000778   Section        0  gd32f4xx_it.o(.text.HardFault_Handler)
    [Anonymous Symbol]                       0x0800077c   Section        0  gd32f4xx_it.o(.text.MemManage_Handler)
    [Anonymous Symbol]                       0x08000780   Section        0  gd32f4xx_it.o(.text.NMI_Handler)
    [Anonymous Symbol]                       0x08000790   Section        0  port.o(.text.PendSV_Handler)
    pxCurrentTCBConst                        0x080007f0   Number         0  port.o(.text.PendSV_Handler)
    [Anonymous Symbol]                       0x08000800   Section        0  port.o(.text.SVC_Handler)
    pxCurrentTCBConst2                       0x08000820   Number         0  port.o(.text.SVC_Handler)
    [Anonymous Symbol]                       0x08000824   Section        0  cmsis_os2.o(.text.SysTick_Handler)
    [Anonymous Symbol]                       0x08000844   Section        0  system_gd32f4xx.o(.text.SystemInit)
    [Anonymous Symbol]                       0x08000940   Section        0  lib_usart0.o(.text.USART0_IRQHandler)
    [Anonymous Symbol]                       0x080009e0   Section        0  gd32f4xx_it.o(.text.UsageFault_Handler)
    [Anonymous Symbol]                       0x080009e4   Section        0  lib_usart0.o(.text.fputc)
    [Anonymous Symbol]                       0x080009fc   Section        0  gd32f4xx_gpio.o(.text.gpio_af_set)
    [Anonymous Symbol]                       0x08000ad0   Section        0  gd32f4xx_gpio.o(.text.gpio_mode_set)
    [Anonymous Symbol]                       0x08000b6c   Section        0  gd32f4xx_gpio.o(.text.gpio_output_options_set)
    [Anonymous Symbol]                       0x08000c00   Section        0  lib_exti.o(.text.lib_exti_init)
    [Anonymous Symbol]                       0x08000c04   Section        0  lib_usart0.o(.text.lib_usart0_init)
    [Anonymous Symbol]                       0x08000d18   Section        0  main.o(.text.lib_usart0_on_recv)
    [Anonymous Symbol]                       0x08000d30   Section        0  lib_usart0.o(.text.lib_usart0_send_byte)
    [Anonymous Symbol]                       0x08000d64   Section        0  lib_usart.o(.text.lib_usart_init)
    [Anonymous Symbol]                       0x08000d6c   Section        0  main.o(.text.main)
    [Anonymous Symbol]                       0x08000da4   Section        0  gd32f4xx_misc.o(.text.nvic_irq_enable)
    [Anonymous Symbol]                       0x08000ecc   Section        0  gd32f4xx_misc.o(.text.nvic_priority_group_set)
    prvAddCurrentTaskToDelayedList           0x08000ee9   Thumb Code   250  tasks.o(.text.prvAddCurrentTaskToDelayedList)
    [Anonymous Symbol]                       0x08000ee8   Section        0  tasks.o(.text.prvAddCurrentTaskToDelayedList)
    prvAddNewTaskToReadyList                 0x08000fe5   Thumb Code   352  tasks.o(.text.prvAddNewTaskToReadyList)
    [Anonymous Symbol]                       0x08000fe4   Section        0  tasks.o(.text.prvAddNewTaskToReadyList)
    prvCheckForValidListAndQueue             0x08001145   Thumb Code   126  timers.o(.text.prvCheckForValidListAndQueue)
    [Anonymous Symbol]                       0x08001144   Section        0  timers.o(.text.prvCheckForValidListAndQueue)
    prvCheckTasksWaitingTermination          0x080011c5   Thumb Code    90  tasks.o(.text.prvCheckTasksWaitingTermination)
    [Anonymous Symbol]                       0x080011c4   Section        0  tasks.o(.text.prvCheckTasksWaitingTermination)
    prvCopyDataFromQueue                     0x08001221   Thumb Code    66  queue.o(.text.prvCopyDataFromQueue)
    [Anonymous Symbol]                       0x08001220   Section        0  queue.o(.text.prvCopyDataFromQueue)
    prvDeleteTCB                             0x08001265   Thumb Code    60  tasks.o(.text.prvDeleteTCB)
    [Anonymous Symbol]                       0x08001264   Section        0  tasks.o(.text.prvDeleteTCB)
    prvGetNextExpireTime                     0x080012a1   Thumb Code    64  timers.o(.text.prvGetNextExpireTime)
    [Anonymous Symbol]                       0x080012a0   Section        0  timers.o(.text.prvGetNextExpireTime)
    prvHeapInit                              0x080012e1   Thumb Code   174  heap_4.o(.text.prvHeapInit)
    [Anonymous Symbol]                       0x080012e0   Section        0  heap_4.o(.text.prvHeapInit)
    prvIdleTask                              0x08001391   Thumb Code    56  tasks.o(.text.prvIdleTask)
    [Anonymous Symbol]                       0x08001390   Section        0  tasks.o(.text.prvIdleTask)
    prvInitialiseNewQueue                    0x080013c9   Thumb Code    72  queue.o(.text.prvInitialiseNewQueue)
    [Anonymous Symbol]                       0x080013c8   Section        0  queue.o(.text.prvInitialiseNewQueue)
    prvInitialiseNewTask                     0x08001411   Thumb Code   230  tasks.o(.text.prvInitialiseNewTask)
    [Anonymous Symbol]                       0x08001410   Section        0  tasks.o(.text.prvInitialiseNewTask)
    prvInitialiseTaskLists                   0x080014f9   Thumb Code   142  tasks.o(.text.prvInitialiseTaskLists)
    [Anonymous Symbol]                       0x080014f8   Section        0  tasks.o(.text.prvInitialiseTaskLists)
    prvInsertBlockIntoFreeList               0x08001589   Thumb Code   198  heap_4.o(.text.prvInsertBlockIntoFreeList)
    [Anonymous Symbol]                       0x08001588   Section        0  heap_4.o(.text.prvInsertBlockIntoFreeList)
    prvInsertTimerInActiveList               0x08001651   Thumb Code   134  timers.o(.text.prvInsertTimerInActiveList)
    [Anonymous Symbol]                       0x08001650   Section        0  timers.o(.text.prvInsertTimerInActiveList)
    prvIsQueueEmpty                          0x080016d9   Thumb Code    40  queue.o(.text.prvIsQueueEmpty)
    [Anonymous Symbol]                       0x080016d8   Section        0  queue.o(.text.prvIsQueueEmpty)
    prvPortStartFirstTask                    0x08001701   Thumb Code    40  port.o(.text.prvPortStartFirstTask)
    [Anonymous Symbol]                       0x08001700   Section        0  port.o(.text.prvPortStartFirstTask)
    prvProcessExpiredTimer                   0x08001729   Thumb Code    84  timers.o(.text.prvProcessExpiredTimer)
    [Anonymous Symbol]                       0x08001728   Section        0  timers.o(.text.prvProcessExpiredTimer)
    prvProcessReceivedCommands               0x0800177d   Thumb Code   324  timers.o(.text.prvProcessReceivedCommands)
    [Anonymous Symbol]                       0x0800177c   Section        0  timers.o(.text.prvProcessReceivedCommands)
    prvProcessTimerOrBlockTask               0x080018c1   Thumb Code   154  timers.o(.text.prvProcessTimerOrBlockTask)
    [Anonymous Symbol]                       0x080018c0   Section        0  timers.o(.text.prvProcessTimerOrBlockTask)
    prvReloadTimer                           0x0800195d   Thumb Code    52  timers.o(.text.prvReloadTimer)
    [Anonymous Symbol]                       0x0800195c   Section        0  timers.o(.text.prvReloadTimer)
    prvResetNextTaskUnblockTime              0x08001991   Thumb Code    60  tasks.o(.text.prvResetNextTaskUnblockTime)
    [Anonymous Symbol]                       0x08001990   Section        0  tasks.o(.text.prvResetNextTaskUnblockTime)
    prvSampleTimeNow                         0x080019cd   Thumb Code    68  timers.o(.text.prvSampleTimeNow)
    [Anonymous Symbol]                       0x080019cc   Section        0  timers.o(.text.prvSampleTimeNow)
    prvSwitchTimerLists                      0x08001a11   Thumb Code    82  timers.o(.text.prvSwitchTimerLists)
    [Anonymous Symbol]                       0x08001a10   Section        0  timers.o(.text.prvSwitchTimerLists)
    prvTaskExitError                         0x08001a65   Thumb Code    38  port.o(.text.prvTaskExitError)
    [Anonymous Symbol]                       0x08001a64   Section        0  port.o(.text.prvTaskExitError)
    prvTimerTask                             0x08001a8d   Thumb Code    30  timers.o(.text.prvTimerTask)
    [Anonymous Symbol]                       0x08001a8c   Section        0  timers.o(.text.prvTimerTask)
    prvUnlockQueue                           0x08001aad   Thumb Code   174  queue.o(.text.prvUnlockQueue)
    [Anonymous Symbol]                       0x08001aac   Section        0  queue.o(.text.prvUnlockQueue)
    [Anonymous Symbol]                       0x08001b5c   Section        0  heap_4.o(.text.pvPortMalloc)
    [Anonymous Symbol]                       0x08001ce4   Section        0  port.o(.text.pxPortInitialiseStack)
    [Anonymous Symbol]                       0x08001d44   Section        0  gd32f4xx_rcu.o(.text.rcu_clock_freq_get)
    [Anonymous Symbol]                       0x08001ea8   Section        0  gd32f4xx_rcu.o(.text.rcu_periph_clock_enable)
    [Anonymous Symbol]                       0x08001ed0   Section        0  gd32f4xx_rcu.o(.text.rcu_periph_reset_disable)
    [Anonymous Symbol]                       0x08001ef8   Section        0  gd32f4xx_rcu.o(.text.rcu_periph_reset_enable)
    [Anonymous Symbol]                       0x08001f20   Section        0  main.o(.text.start_task)
    system_clock_168m_8m_hxtal               0x08001fa5   Thumb Code   360  system_gd32f4xx.o(.text.system_clock_168m_8m_hxtal)
    [Anonymous Symbol]                       0x08001fa4   Section        0  system_gd32f4xx.o(.text.system_clock_168m_8m_hxtal)
    system_clock_config                      0x0800210d   Thumb Code     8  system_gd32f4xx.o(.text.system_clock_config)
    [Anonymous Symbol]                       0x0800210c   Section        0  system_gd32f4xx.o(.text.system_clock_config)
    [Anonymous Symbol]                       0x08002114   Section        0  main.o(.text.task1)
    [Anonymous Symbol]                       0x08002140   Section        0  main.o(.text.task2)
    [Anonymous Symbol]                       0x0800216c   Section        0  gd32f4xx_usart.o(.text.usart_baudrate_set)
    [Anonymous Symbol]                       0x080022c4   Section        0  gd32f4xx_usart.o(.text.usart_data_first_config)
    [Anonymous Symbol]                       0x080022f4   Section        0  gd32f4xx_usart.o(.text.usart_data_receive)
    [Anonymous Symbol]                       0x08002304   Section        0  gd32f4xx_usart.o(.text.usart_data_transmit)
    [Anonymous Symbol]                       0x0800231c   Section        0  gd32f4xx_usart.o(.text.usart_deinit)
    [Anonymous Symbol]                       0x0800243c   Section        0  gd32f4xx_usart.o(.text.usart_enable)
    [Anonymous Symbol]                       0x08002450   Section        0  gd32f4xx_usart.o(.text.usart_flag_get)
    [Anonymous Symbol]                       0x0800248c   Section        0  gd32f4xx_usart.o(.text.usart_interrupt_enable)
    [Anonymous Symbol]                       0x080024b0   Section        0  gd32f4xx_usart.o(.text.usart_interrupt_flag_get)
    [Anonymous Symbol]                       0x08002510   Section        0  gd32f4xx_usart.o(.text.usart_parity_config)
    [Anonymous Symbol]                       0x08002530   Section        0  gd32f4xx_usart.o(.text.usart_receive_config)
    [Anonymous Symbol]                       0x0800255c   Section        0  gd32f4xx_usart.o(.text.usart_stop_bit_set)
    [Anonymous Symbol]                       0x0800257c   Section        0  gd32f4xx_usart.o(.text.usart_transmit_config)
    [Anonymous Symbol]                       0x080025a8   Section        0  gd32f4xx_usart.o(.text.usart_word_length_set)
    [Anonymous Symbol]                       0x080025c8   Section        0  list.o(.text.uxListRemove)
    [Anonymous Symbol]                       0x08002610   Section        0  cmsis_os2.o(.text.vApplicationGetIdleTaskMemory)
    [Anonymous Symbol]                       0x0800263c   Section        0  cmsis_os2.o(.text.vApplicationGetTimerTaskMemory)
    [Anonymous Symbol]                       0x08002668   Section        0  cmsis_os2.o(.text.vApplicationStackOverflowHook)
    [Anonymous Symbol]                       0x08002674   Section        0  list.o(.text.vListInitialise)
    [Anonymous Symbol]                       0x080026a4   Section        0  list.o(.text.vListInitialiseItem)
    [Anonymous Symbol]                       0x080026b4   Section        0  list.o(.text.vListInsert)
    [Anonymous Symbol]                       0x08002720   Section        0  list.o(.text.vListInsertEnd)
    vPortEnableVFP                           0x0800275d   Thumb Code    20  port.o(.text.vPortEnableVFP)
    [Anonymous Symbol]                       0x0800275c   Section        0  port.o(.text.vPortEnableVFP)
    [Anonymous Symbol]                       0x08002770   Section        0  port.o(.text.vPortEnterCritical)
    [Anonymous Symbol]                       0x080027a0   Section        0  port.o(.text.vPortExitCritical)
    [Anonymous Symbol]                       0x080027c8   Section        0  heap_4.o(.text.vPortFree)
    [Anonymous Symbol]                       0x08002840   Section        0  port.o(.text.vPortSetupTimerInterrupt)
    [Anonymous Symbol]                       0x08002884   Section        0  queue.o(.text.vQueueWaitForMessageRestricted)
    [Anonymous Symbol]                       0x080028e8   Section        0  tasks.o(.text.vTaskDelay)
    [Anonymous Symbol]                       0x08002934   Section        0  tasks.o(.text.vTaskDelete)
    [Anonymous Symbol]                       0x08002a34   Section        0  tasks.o(.text.vTaskInternalSetTimeOutState)
    [Anonymous Symbol]                       0x08002a58   Section        0  tasks.o(.text.vTaskMissedYield)
    [Anonymous Symbol]                       0x08002a68   Section        0  tasks.o(.text.vTaskPlaceOnEventList)
    [Anonymous Symbol]                       0x08002a90   Section        0  tasks.o(.text.vTaskPlaceOnEventListRestricted)
    [Anonymous Symbol]                       0x08002af0   Section        0  tasks.o(.text.vTaskStartScheduler)
    [Anonymous Symbol]                       0x08002bb4   Section        0  tasks.o(.text.vTaskSuspendAll)
    __tagsym$$used.0                         0x08002bc4   Number         0  tasks.o(.text.vTaskSwitchContext)
    [Anonymous Symbol]                       0x08002bc4   Section        0  tasks.o(.text.vTaskSwitchContext)
    [Anonymous Symbol]                       0x08002cc8   Section        0  port.o(.text.xPortStartScheduler)
    [Anonymous Symbol]                       0x08002d1c   Section        0  port.o(.text.xPortSysTickHandler)
    [Anonymous Symbol]                       0x08002d58   Section        0  queue.o(.text.xQueueGenericCreateStatic)
    [Anonymous Symbol]                       0x08002dc4   Section        0  queue.o(.text.xQueueGenericReset)
    [Anonymous Symbol]                       0x08002e94   Section        0  queue.o(.text.xQueueReceive)
    [Anonymous Symbol]                       0x08002fe8   Section        0  tasks.o(.text.xTaskCheckForTimeOut)
    [Anonymous Symbol]                       0x08003084   Section        0  tasks.o(.text.xTaskCreate)
    [Anonymous Symbol]                       0x0800312c   Section        0  tasks.o(.text.xTaskCreateStatic)
    [Anonymous Symbol]                       0x080031a8   Section        0  tasks.o(.text.xTaskGetSchedulerState)
    [Anonymous Symbol]                       0x080031e0   Section        0  tasks.o(.text.xTaskGetTickCount)
    [Anonymous Symbol]                       0x080031f4   Section        0  tasks.o(.text.xTaskIncrementTick)
    [Anonymous Symbol]                       0x0800343c   Section        0  tasks.o(.text.xTaskRemoveFromEventList)
    [Anonymous Symbol]                       0x080035b8   Section        0  tasks.o(.text.xTaskResumeAll)
    [Anonymous Symbol]                       0x080037c4   Section        0  timers.o(.text.xTimerCreateTimerTask)
    i.__0printf                              0x0800383c   Section        0  printfa.o(i.__0printf)
    i.__scatterload_copy                     0x0800385c   Section       14  handlers.o(i.__scatterload_copy)
    i.__scatterload_null                     0x0800386a   Section        2  handlers.o(i.__scatterload_null)
    i.__scatterload_zeroinit                 0x0800386c   Section       14  handlers.o(i.__scatterload_zeroinit)
    _fp_digits                               0x0800387d   Thumb Code   366  printfa.o(i._fp_digits)
    i._fp_digits                             0x0800387c   Section        0  printfa.o(i._fp_digits)
    _printf_core                             0x08003a01   Thumb Code  1744  printfa.o(i._printf_core)
    i._printf_core                           0x08003a00   Section        0  printfa.o(i._printf_core)
    _printf_post_padding                     0x080040dd   Thumb Code    36  printfa.o(i._printf_post_padding)
    i._printf_post_padding                   0x080040dc   Section        0  printfa.o(i._printf_post_padding)
    _printf_pre_padding                      0x08004101   Thumb Code    46  printfa.o(i._printf_pre_padding)
    i._printf_pre_padding                    0x08004100   Section        0  printfa.o(i._printf_pre_padding)
    .L.str.1                                 0x0800412e   Data          11  main.o(.rodata.str1.1)
    [Anonymous Symbol]                       0x0800412e   Section        0  main.o(.rodata.str1.1)
    .L.str.2                                 0x08004139   Data          11  main.o(.rodata.str1.1)
    .L.str.3                                 0x08004144   Data          12  main.o(.rodata.str1.1)
    .L.str                                   0x0800414d   Data           3  main.o(.rodata.str1.1)
    .L.str.4                                 0x08004150   Data           6  main.o(.rodata.str1.1)
    .L.str.5                                 0x08004156   Data           6  main.o(.rodata.str1.1)
    .L.str.6                                 0x0800415c   Data          11  main.o(.rodata.str1.1)
    .L.str                                   0x08004167   Data           5  tasks.o(.rodata.str1.1)
    [Anonymous Symbol]                       0x08004167   Section        0  tasks.o(.rodata.str1.1)
    .L.str                                   0x0800416c   Data           8  timers.o(.rodata.str1.1)
    [Anonymous Symbol]                       0x0800416c   Section        0  timers.o(.rodata.str1.1)
    .data                                    0x20000000   Section        4  stdout.o(.data)
    uxCriticalNesting                        0x20000008   Data           4  port.o(.data.uxCriticalNesting)
    [Anonymous Symbol]                       0x20000008   Section        0  port.o(.data.uxCriticalNesting)
    prvCheckForValidListAndQueue.ucStaticTimerQueueStorage 0x20000010   Data          80  timers.o(.bss.prvCheckForValidListAndQueue.ucStaticTimerQueueStorage)
    [Anonymous Symbol]                       0x20000010   Section        0  timers.o(.bss.prvCheckForValidListAndQueue.ucStaticTimerQueueStorage)
    prvCheckForValidListAndQueue.xStaticTimerQueue 0x20000060   Data          80  timers.o(.bss.prvCheckForValidListAndQueue.xStaticTimerQueue)
    [Anonymous Symbol]                       0x20000060   Section        0  timers.o(.bss.prvCheckForValidListAndQueue.xStaticTimerQueue)
    prvSampleTimeNow.xLastTime               0x200000b0   Data           4  timers.o(.bss.prvSampleTimeNow.xLastTime)
    [Anonymous Symbol]                       0x200000b0   Section        0  timers.o(.bss.prvSampleTimeNow.xLastTime)
    __tagsym$$used.1                         0x200000b4   Number         0  tasks.o(.bss.pxCurrentTCB)
    pxCurrentTimerList                       0x200000b8   Data           4  timers.o(.bss.pxCurrentTimerList)
    [Anonymous Symbol]                       0x200000b8   Section        0  timers.o(.bss.pxCurrentTimerList)
    pxDelayedTaskList                        0x200000bc   Data           4  tasks.o(.bss.pxDelayedTaskList)
    [Anonymous Symbol]                       0x200000bc   Section        0  tasks.o(.bss.pxDelayedTaskList)
    pxEnd                                    0x200000c0   Data           4  heap_4.o(.bss.pxEnd)
    [Anonymous Symbol]                       0x200000c0   Section        0  heap_4.o(.bss.pxEnd)
    pxOverflowDelayedTaskList                0x200000c4   Data           4  tasks.o(.bss.pxOverflowDelayedTaskList)
    [Anonymous Symbol]                       0x200000c4   Section        0  tasks.o(.bss.pxOverflowDelayedTaskList)
    pxOverflowTimerList                      0x200000c8   Data           4  timers.o(.bss.pxOverflowTimerList)
    [Anonymous Symbol]                       0x200000c8   Section        0  timers.o(.bss.pxOverflowTimerList)
    pxReadyTasksLists                        0x200000cc   Data        1120  tasks.o(.bss.pxReadyTasksLists)
    [Anonymous Symbol]                       0x200000cc   Section        0  tasks.o(.bss.pxReadyTasksLists)
    ucHeap                                   0x20000538   Data        8192  heap_4.o(.bss.ucHeap)
    [Anonymous Symbol]                       0x20000538   Section        0  heap_4.o(.bss.ucHeap)
    usart0_recv_buff                         0x20002538   Data         512  lib_usart0.o(.bss.usart0_recv_buff)
    [Anonymous Symbol]                       0x20002538   Section        0  lib_usart0.o(.bss.usart0_recv_buff)
    usart0_recv_len                          0x20002738   Data           4  lib_usart0.o(.bss.usart0_recv_len)
    [Anonymous Symbol]                       0x20002738   Section        0  lib_usart0.o(.bss.usart0_recv_len)
    uxCurrentNumberOfTasks                   0x2000273c   Data           4  tasks.o(.bss.uxCurrentNumberOfTasks)
    [Anonymous Symbol]                       0x2000273c   Section        0  tasks.o(.bss.uxCurrentNumberOfTasks)
    uxDeletedTasksWaitingCleanUp             0x20002740   Data           4  tasks.o(.bss.uxDeletedTasksWaitingCleanUp)
    [Anonymous Symbol]                       0x20002740   Section        0  tasks.o(.bss.uxDeletedTasksWaitingCleanUp)
    uxSchedulerSuspended                     0x20002744   Data           4  tasks.o(.bss.uxSchedulerSuspended)
    [Anonymous Symbol]                       0x20002744   Section        0  tasks.o(.bss.uxSchedulerSuspended)
    uxTaskNumber                             0x20002748   Data           4  tasks.o(.bss.uxTaskNumber)
    [Anonymous Symbol]                       0x20002748   Section        0  tasks.o(.bss.uxTaskNumber)
    uxTopReadyPriority                       0x2000274c   Data           4  tasks.o(.bss.uxTopReadyPriority)
    [Anonymous Symbol]                       0x2000274c   Section        0  tasks.o(.bss.uxTopReadyPriority)
    vApplicationGetIdleTaskMemory.Idle_Stack 0x20002750   Data         512  cmsis_os2.o(.bss.vApplicationGetIdleTaskMemory.Idle_Stack)
    [Anonymous Symbol]                       0x20002750   Section        0  cmsis_os2.o(.bss.vApplicationGetIdleTaskMemory.Idle_Stack)
    vApplicationGetIdleTaskMemory.Idle_TCB   0x20002950   Data          92  cmsis_os2.o(.bss.vApplicationGetIdleTaskMemory.Idle_TCB)
    [Anonymous Symbol]                       0x20002950   Section        0  cmsis_os2.o(.bss.vApplicationGetIdleTaskMemory.Idle_TCB)
    vApplicationGetTimerTaskMemory.Timer_Stack 0x200029ac   Data         320  cmsis_os2.o(.bss.vApplicationGetTimerTaskMemory.Timer_Stack)
    [Anonymous Symbol]                       0x200029ac   Section        0  cmsis_os2.o(.bss.vApplicationGetTimerTaskMemory.Timer_Stack)
    vApplicationGetTimerTaskMemory.Timer_TCB 0x20002aec   Data          92  cmsis_os2.o(.bss.vApplicationGetTimerTaskMemory.Timer_TCB)
    [Anonymous Symbol]                       0x20002aec   Section        0  cmsis_os2.o(.bss.vApplicationGetTimerTaskMemory.Timer_TCB)
    xActiveTimerList1                        0x20002b48   Data          20  timers.o(.bss.xActiveTimerList1)
    [Anonymous Symbol]                       0x20002b48   Section        0  timers.o(.bss.xActiveTimerList1)
    xActiveTimerList2                        0x20002b5c   Data          20  timers.o(.bss.xActiveTimerList2)
    [Anonymous Symbol]                       0x20002b5c   Section        0  timers.o(.bss.xActiveTimerList2)
    xDelayedTaskList1                        0x20002b70   Data          20  tasks.o(.bss.xDelayedTaskList1)
    [Anonymous Symbol]                       0x20002b70   Section        0  tasks.o(.bss.xDelayedTaskList1)
    xDelayedTaskList2                        0x20002b84   Data          20  tasks.o(.bss.xDelayedTaskList2)
    [Anonymous Symbol]                       0x20002b84   Section        0  tasks.o(.bss.xDelayedTaskList2)
    xFreeBytesRemaining                      0x20002b98   Data           4  heap_4.o(.bss.xFreeBytesRemaining)
    [Anonymous Symbol]                       0x20002b98   Section        0  heap_4.o(.bss.xFreeBytesRemaining)
    xIdleTaskHandle                          0x20002b9c   Data           4  tasks.o(.bss.xIdleTaskHandle)
    [Anonymous Symbol]                       0x20002b9c   Section        0  tasks.o(.bss.xIdleTaskHandle)
    xMinimumEverFreeBytesRemaining           0x20002ba0   Data           4  heap_4.o(.bss.xMinimumEverFreeBytesRemaining)
    [Anonymous Symbol]                       0x20002ba0   Section        0  heap_4.o(.bss.xMinimumEverFreeBytesRemaining)
    xNextTaskUnblockTime                     0x20002ba4   Data           4  tasks.o(.bss.xNextTaskUnblockTime)
    [Anonymous Symbol]                       0x20002ba4   Section        0  tasks.o(.bss.xNextTaskUnblockTime)
    xNumOfOverflows                          0x20002ba8   Data           4  tasks.o(.bss.xNumOfOverflows)
    [Anonymous Symbol]                       0x20002ba8   Section        0  tasks.o(.bss.xNumOfOverflows)
    xNumberOfSuccessfulAllocations           0x20002bac   Data           4  heap_4.o(.bss.xNumberOfSuccessfulAllocations)
    [Anonymous Symbol]                       0x20002bac   Section        0  heap_4.o(.bss.xNumberOfSuccessfulAllocations)
    xNumberOfSuccessfulFrees                 0x20002bb0   Data           4  heap_4.o(.bss.xNumberOfSuccessfulFrees)
    [Anonymous Symbol]                       0x20002bb0   Section        0  heap_4.o(.bss.xNumberOfSuccessfulFrees)
    xPendedTicks                             0x20002bb4   Data           4  tasks.o(.bss.xPendedTicks)
    [Anonymous Symbol]                       0x20002bb4   Section        0  tasks.o(.bss.xPendedTicks)
    xPendingReadyList                        0x20002bb8   Data          20  tasks.o(.bss.xPendingReadyList)
    [Anonymous Symbol]                       0x20002bb8   Section        0  tasks.o(.bss.xPendingReadyList)
    xSchedulerRunning                        0x20002bcc   Data           4  tasks.o(.bss.xSchedulerRunning)
    [Anonymous Symbol]                       0x20002bcc   Section        0  tasks.o(.bss.xSchedulerRunning)
    xStart                                   0x20002bd0   Data           8  heap_4.o(.bss.xStart)
    [Anonymous Symbol]                       0x20002bd0   Section        0  heap_4.o(.bss.xStart)
    xSuspendedTaskList                       0x20002bd8   Data          20  tasks.o(.bss.xSuspendedTaskList)
    [Anonymous Symbol]                       0x20002bd8   Section        0  tasks.o(.bss.xSuspendedTaskList)
    xTasksWaitingTermination                 0x20002bec   Data          20  tasks.o(.bss.xTasksWaitingTermination)
    [Anonymous Symbol]                       0x20002bec   Section        0  tasks.o(.bss.xTasksWaitingTermination)
    xTickCount                               0x20002c00   Data           4  tasks.o(.bss.xTickCount)
    [Anonymous Symbol]                       0x20002c00   Section        0  tasks.o(.bss.xTickCount)
    xTimerQueue                              0x20002c04   Data           4  timers.o(.bss.xTimerQueue)
    [Anonymous Symbol]                       0x20002c04   Section        0  timers.o(.bss.xTimerQueue)
    xTimerTaskHandle                         0x20002c08   Data           4  timers.o(.bss.xTimerTaskHandle)
    [Anonymous Symbol]                       0x20002c08   Section        0  timers.o(.bss.xTimerTaskHandle)
    xYieldPending                            0x20002c0c   Data           4  tasks.o(.bss.xYieldPending)
    [Anonymous Symbol]                       0x20002c0c   Section        0  tasks.o(.bss.xYieldPending)
    STACK                                    0x20002c10   Section     1024  startup_gd32f407_427.o(STACK)

    Global Symbols

    Symbol Name                              Value     Ov Type        Size  Object(Section)

    BuildAttributes$$THM_ISAv4$E$P$D$K$B$S$7EM$VFPi3$EXTD16$VFPS$VFMA$PE$A:L22UL41UL21$X:L11$S22US41US21$IEEE1$IW$~IW$USESV6$~STKCKD$USESV7$~SHL$OSPACE$ROPI$EBA8$MICROLIB$REQ8$PRES8$EABIv2 0x00000000   Number         0  anon$$obj.o ABSOLUTE
    __cpp_initialize__aeabi_                  - Undefined Weak Reference
    __cxa_finalize                            - Undefined Weak Reference
    __decompress                              - Undefined Weak Reference
    _clock_init                               - Undefined Weak Reference
    _microlib_exit                            - Undefined Weak Reference
    __Vectors_Size                           0x00000188   Number         0  startup_gd32f407_427.o ABSOLUTE
    __Vectors                                0x08000000   Data           4  startup_gd32f407_427.o(RESET)
    __Vectors_End                            0x08000188   Data           0  startup_gd32f407_427.o(RESET)
    __main                                   0x08000189   Thumb Code     0  entry.o(.ARM.Collect$$$$00000000)
    _main_stk                                0x08000189   Thumb Code     0  entry2.o(.ARM.Collect$$$$00000001)
    _main_scatterload                        0x0800018d   Thumb Code     0  entry5.o(.ARM.Collect$$$$00000004)
    __main_after_scatterload                 0x08000191   Thumb Code     0  entry5.o(.ARM.Collect$$$$00000004)
    _main_clock                              0x08000191   Thumb Code     0  entry7b.o(.ARM.Collect$$$$00000008)
    _main_cpp_init                           0x08000191   Thumb Code     0  entry8b.o(.ARM.Collect$$$$0000000A)
    _main_init                               0x08000191   Thumb Code     0  entry9a.o(.ARM.Collect$$$$0000000B)
    __rt_final_cpp                           0x08000199   Thumb Code     0  entry10a.o(.ARM.Collect$$$$0000000D)
    __rt_final_exit                          0x08000199   Thumb Code     0  entry11a.o(.ARM.Collect$$$$0000000F)
    Reset_Handler                            0x0800019d   Thumb Code     8  startup_gd32f407_427.o(.text)
    ADC_IRQHandler                           0x080001b7   Thumb Code     0  startup_gd32f407_427.o(.text)
    CAN0_EWMC_IRQHandler                     0x080001b7   Thumb Code     0  startup_gd32f407_427.o(.text)
    CAN0_RX0_IRQHandler                      0x080001b7   Thumb Code     0  startup_gd32f407_427.o(.text)
    CAN0_RX1_IRQHandler                      0x080001b7   Thumb Code     0  startup_gd32f407_427.o(.text)
    CAN0_TX_IRQHandler                       0x080001b7   Thumb Code     0  startup_gd32f407_427.o(.text)
    CAN1_EWMC_IRQHandler                     0x080001b7   Thumb Code     0  startup_gd32f407_427.o(.text)
    CAN1_RX0_IRQHandler                      0x080001b7   Thumb Code     0  startup_gd32f407_427.o(.text)
    CAN1_RX1_IRQHandler                      0x080001b7   Thumb Code     0  startup_gd32f407_427.o(.text)
    CAN1_TX_IRQHandler                       0x080001b7   Thumb Code     0  startup_gd32f407_427.o(.text)
    DCI_IRQHandler                           0x080001b7   Thumb Code     0  startup_gd32f407_427.o(.text)
    DMA0_Channel0_IRQHandler                 0x080001b7   Thumb Code     0  startup_gd32f407_427.o(.text)
    DMA0_Channel1_IRQHandler                 0x080001b7   Thumb Code     0  startup_gd32f407_427.o(.text)
    DMA0_Channel2_IRQHandler                 0x080001b7   Thumb Code     0  startup_gd32f407_427.o(.text)
    DMA0_Channel3_IRQHandler                 0x080001b7   Thumb Code     0  startup_gd32f407_427.o(.text)
    DMA0_Channel4_IRQHandler                 0x080001b7   Thumb Code     0  startup_gd32f407_427.o(.text)
    DMA0_Channel5_IRQHandler                 0x080001b7   Thumb Code     0  startup_gd32f407_427.o(.text)
    DMA0_Channel6_IRQHandler                 0x080001b7   Thumb Code     0  startup_gd32f407_427.o(.text)
    DMA0_Channel7_IRQHandler                 0x080001b7   Thumb Code     0  startup_gd32f407_427.o(.text)
    DMA1_Channel0_IRQHandler                 0x080001b7   Thumb Code     0  startup_gd32f407_427.o(.text)
    DMA1_Channel1_IRQHandler                 0x080001b7   Thumb Code     0  startup_gd32f407_427.o(.text)
    DMA1_Channel2_IRQHandler                 0x080001b7   Thumb Code     0  startup_gd32f407_427.o(.text)
    DMA1_Channel3_IRQHandler                 0x080001b7   Thumb Code     0  startup_gd32f407_427.o(.text)
    DMA1_Channel4_IRQHandler                 0x080001b7   Thumb Code     0  startup_gd32f407_427.o(.text)
    DMA1_Channel5_IRQHandler                 0x080001b7   Thumb Code     0  startup_gd32f407_427.o(.text)
    DMA1_Channel6_IRQHandler                 0x080001b7   Thumb Code     0  startup_gd32f407_427.o(.text)
    DMA1_Channel7_IRQHandler                 0x080001b7   Thumb Code     0  startup_gd32f407_427.o(.text)
    ENET_IRQHandler                          0x080001b7   Thumb Code     0  startup_gd32f407_427.o(.text)
    ENET_WKUP_IRQHandler                     0x080001b7   Thumb Code     0  startup_gd32f407_427.o(.text)
    EXMC_IRQHandler                          0x080001b7   Thumb Code     0  startup_gd32f407_427.o(.text)
    EXTI0_IRQHandler                         0x080001b7   Thumb Code     0  startup_gd32f407_427.o(.text)
    EXTI10_15_IRQHandler                     0x080001b7   Thumb Code     0  startup_gd32f407_427.o(.text)
    EXTI1_IRQHandler                         0x080001b7   Thumb Code     0  startup_gd32f407_427.o(.text)
    EXTI2_IRQHandler                         0x080001b7   Thumb Code     0  startup_gd32f407_427.o(.text)
    EXTI3_IRQHandler                         0x080001b7   Thumb Code     0  startup_gd32f407_427.o(.text)
    EXTI4_IRQHandler                         0x080001b7   Thumb Code     0  startup_gd32f407_427.o(.text)
    EXTI5_9_IRQHandler                       0x080001b7   Thumb Code     0  startup_gd32f407_427.o(.text)
    FMC_IRQHandler                           0x080001b7   Thumb Code     0  startup_gd32f407_427.o(.text)
    FPU_IRQHandler                           0x080001b7   Thumb Code     0  startup_gd32f407_427.o(.text)
    I2C0_ER_IRQHandler                       0x080001b7   Thumb Code     0  startup_gd32f407_427.o(.text)
    I2C0_EV_IRQHandler                       0x080001b7   Thumb Code     0  startup_gd32f407_427.o(.text)
    I2C1_ER_IRQHandler                       0x080001b7   Thumb Code     0  startup_gd32f407_427.o(.text)
    I2C1_EV_IRQHandler                       0x080001b7   Thumb Code     0  startup_gd32f407_427.o(.text)
    I2C2_ER_IRQHandler                       0x080001b7   Thumb Code     0  startup_gd32f407_427.o(.text)
    I2C2_EV_IRQHandler                       0x080001b7   Thumb Code     0  startup_gd32f407_427.o(.text)
    LVD_IRQHandler                           0x080001b7   Thumb Code     0  startup_gd32f407_427.o(.text)
    RCU_CTC_IRQHandler                       0x080001b7   Thumb Code     0  startup_gd32f407_427.o(.text)
    RTC_Alarm_IRQHandler                     0x080001b7   Thumb Code     0  startup_gd32f407_427.o(.text)
    RTC_WKUP_IRQHandler                      0x080001b7   Thumb Code     0  startup_gd32f407_427.o(.text)
    SDIO_IRQHandler                          0x080001b7   Thumb Code     0  startup_gd32f407_427.o(.text)
    SPI0_IRQHandler                          0x080001b7   Thumb Code     0  startup_gd32f407_427.o(.text)
    SPI1_IRQHandler                          0x080001b7   Thumb Code     0  startup_gd32f407_427.o(.text)
    SPI2_IRQHandler                          0x080001b7   Thumb Code     0  startup_gd32f407_427.o(.text)
    TAMPER_STAMP_IRQHandler                  0x080001b7   Thumb Code     0  startup_gd32f407_427.o(.text)
    TIMER0_BRK_TIMER8_IRQHandler             0x080001b7   Thumb Code     0  startup_gd32f407_427.o(.text)
    TIMER0_Channel_IRQHandler                0x080001b7   Thumb Code     0  startup_gd32f407_427.o(.text)
    TIMER0_TRG_CMT_TIMER10_IRQHandler        0x080001b7   Thumb Code     0  startup_gd32f407_427.o(.text)
    TIMER0_UP_TIMER9_IRQHandler              0x080001b7   Thumb Code     0  startup_gd32f407_427.o(.text)
    TIMER1_IRQHandler                        0x080001b7   Thumb Code     0  startup_gd32f407_427.o(.text)
    TIMER2_IRQHandler                        0x080001b7   Thumb Code     0  startup_gd32f407_427.o(.text)
    TIMER3_IRQHandler                        0x080001b7   Thumb Code     0  startup_gd32f407_427.o(.text)
    TIMER4_IRQHandler                        0x080001b7   Thumb Code     0  startup_gd32f407_427.o(.text)
    TIMER5_DAC_IRQHandler                    0x080001b7   Thumb Code     0  startup_gd32f407_427.o(.text)
    TIMER6_IRQHandler                        0x080001b7   Thumb Code     0  startup_gd32f407_427.o(.text)
    TIMER7_BRK_TIMER11_IRQHandler            0x080001b7   Thumb Code     0  startup_gd32f407_427.o(.text)
    TIMER7_Channel_IRQHandler                0x080001b7   Thumb Code     0  startup_gd32f407_427.o(.text)
    TIMER7_TRG_CMT_TIMER13_IRQHandler        0x080001b7   Thumb Code     0  startup_gd32f407_427.o(.text)
    TIMER7_UP_TIMER12_IRQHandler             0x080001b7   Thumb Code     0  startup_gd32f407_427.o(.text)
    TRNG_IRQHandler                          0x080001b7   Thumb Code     0  startup_gd32f407_427.o(.text)
    UART3_IRQHandler                         0x080001b7   Thumb Code     0  startup_gd32f407_427.o(.text)
    UART4_IRQHandler                         0x080001b7   Thumb Code     0  startup_gd32f407_427.o(.text)
    USART1_IRQHandler                        0x080001b7   Thumb Code     0  startup_gd32f407_427.o(.text)
    USART2_IRQHandler                        0x080001b7   Thumb Code     0  startup_gd32f407_427.o(.text)
    USART5_IRQHandler                        0x080001b7   Thumb Code     0  startup_gd32f407_427.o(.text)
    USBFS_IRQHandler                         0x080001b7   Thumb Code     0  startup_gd32f407_427.o(.text)
    USBFS_WKUP_IRQHandler                    0x080001b7   Thumb Code     0  startup_gd32f407_427.o(.text)
    USBHS_EP1_In_IRQHandler                  0x080001b7   Thumb Code     0  startup_gd32f407_427.o(.text)
    USBHS_EP1_Out_IRQHandler                 0x080001b7   Thumb Code     0  startup_gd32f407_427.o(.text)
    USBHS_IRQHandler                         0x080001b7   Thumb Code     0  startup_gd32f407_427.o(.text)
    USBHS_WKUP_IRQHandler                    0x080001b7   Thumb Code     0  startup_gd32f407_427.o(.text)
    WWDGT_IRQHandler                         0x080001b7   Thumb Code     0  startup_gd32f407_427.o(.text)
    __aeabi_memcpy                           0x080001c1   Thumb Code    36  memcpya.o(.text)
    __aeabi_memcpy4                          0x080001c1   Thumb Code     0  memcpya.o(.text)
    __aeabi_memcpy8                          0x080001c1   Thumb Code     0  memcpya.o(.text)
    __aeabi_memset                           0x080001e5   Thumb Code    14  memseta.o(.text)
    __aeabi_memset4                          0x080001e5   Thumb Code     0  memseta.o(.text)
    __aeabi_memset8                          0x080001e5   Thumb Code     0  memseta.o(.text)
    __aeabi_memclr                           0x080001f3   Thumb Code     4  memseta.o(.text)
    __aeabi_memclr4                          0x080001f3   Thumb Code     0  memseta.o(.text)
    __aeabi_memclr8                          0x080001f3   Thumb Code     0  memseta.o(.text)
    _memset$wrapper                          0x080001f7   Thumb Code    18  memseta.o(.text)
    __aeabi_uidiv                            0x08000209   Thumb Code     0  uidiv.o(.text)
    __aeabi_uidivmod                         0x08000209   Thumb Code    44  uidiv.o(.text)
    __aeabi_uldivmod                         0x08000235   Thumb Code    98  uldiv.o(.text)
    __I$use$fp                               0x08000297   Thumb Code     0  iusefp.o(.text)
    __aeabi_dadd                             0x08000297   Thumb Code   322  dadd.o(.text)
    __aeabi_dsub                             0x080003d9   Thumb Code     6  dadd.o(.text)
    __aeabi_drsub                            0x080003df   Thumb Code     6  dadd.o(.text)
    __aeabi_dmul                             0x080003e5   Thumb Code   228  dmul.o(.text)
    __aeabi_ddiv                             0x080004c9   Thumb Code   222  ddiv.o(.text)
    __aeabi_d2ulz                            0x080005a7   Thumb Code    48  dfixul.o(.text)
    __aeabi_cdrcmple                         0x080005d9   Thumb Code    48  cdrcmple.o(.text)
    __scatterload                            0x08000609   Thumb Code    38  init.o(.text)
    __scatterload_rt2                        0x08000609   Thumb Code     0  init.o(.text)
    __aeabi_llsl                             0x08000639   Thumb Code    30  llshl.o(.text)
    _ll_shift_l                              0x08000639   Thumb Code     0  llshl.o(.text)
    __aeabi_llsr                             0x08000657   Thumb Code    32  llushr.o(.text)
    _ll_ushift_r                             0x08000657   Thumb Code     0  llushr.o(.text)
    __aeabi_lasr                             0x08000677   Thumb Code    36  llsshr.o(.text)
    _ll_sshift_r                             0x08000677   Thumb Code     0  llsshr.o(.text)
    _double_round                            0x0800069b   Thumb Code    30  depilogue.o(.text)
    _double_epilogue                         0x080006b9   Thumb Code   156  depilogue.o(.text)
    BusFault_Handler                         0x08000755   Thumb Code     4  gd32f4xx_it.o(.text.BusFault_Handler)
    DebugMon_Handler                         0x08000759   Thumb Code     4  gd32f4xx_it.o(.text.DebugMon_Handler)
    GPIO_config                              0x0800075d   Thumb Code    28  main.o(.text.GPIO_config)
    HardFault_Handler                        0x08000779   Thumb Code     4  gd32f4xx_it.o(.text.HardFault_Handler)
    MemManage_Handler                        0x0800077d   Thumb Code     4  gd32f4xx_it.o(.text.MemManage_Handler)
    NMI_Handler                              0x08000781   Thumb Code     4  gd32f4xx_it.o(.text.NMI_Handler)
    PendSV_Handler                           0x08000791   Thumb Code   100  port.o(.text.PendSV_Handler)
    SVC_Handler                              0x08000801   Thumb Code    36  port.o(.text.SVC_Handler)
    SysTick_Handler                          0x08000825   Thumb Code    30  cmsis_os2.o(.text.SysTick_Handler)
    SystemInit                               0x08000845   Thumb Code   250  system_gd32f4xx.o(.text.SystemInit)
    USART0_IRQHandler                        0x08000941   Thumb Code   160  lib_usart0.o(.text.USART0_IRQHandler)
    UsageFault_Handler                       0x080009e1   Thumb Code     4  gd32f4xx_it.o(.text.UsageFault_Handler)
    fputc                                    0x080009e5   Thumb Code    22  lib_usart0.o(.text.fputc)
    gpio_af_set                              0x080009fd   Thumb Code   212  gd32f4xx_gpio.o(.text.gpio_af_set)
    gpio_mode_set                            0x08000ad1   Thumb Code   156  gd32f4xx_gpio.o(.text.gpio_mode_set)
    gpio_output_options_set                  0x08000b6d   Thumb Code   146  gd32f4xx_gpio.o(.text.gpio_output_options_set)
    lib_exti_init                            0x08000c01   Thumb Code     2  lib_exti.o(.text.lib_exti_init)
    lib_usart0_init                          0x08000c05   Thumb Code   276  lib_usart0.o(.text.lib_usart0_init)
    lib_usart0_on_recv                       0x08000d19   Thumb Code    24  main.o(.text.lib_usart0_on_recv)
    lib_usart0_send_byte                     0x08000d31   Thumb Code    50  lib_usart0.o(.text.lib_usart0_send_byte)
    lib_usart_init                           0x08000d65   Thumb Code     8  lib_usart.o(.text.lib_usart_init)
    main                                     0x08000d6d   Thumb Code    54  main.o(.text.main)
    nvic_irq_enable                          0x08000da5   Thumb Code   296  gd32f4xx_misc.o(.text.nvic_irq_enable)
    nvic_priority_group_set                  0x08000ecd   Thumb Code    28  gd32f4xx_misc.o(.text.nvic_priority_group_set)
    pvPortMalloc                             0x08001b5d   Thumb Code   390  heap_4.o(.text.pvPortMalloc)
    pxPortInitialiseStack                    0x08001ce5   Thumb Code    94  port.o(.text.pxPortInitialiseStack)
    rcu_clock_freq_get                       0x08001d45   Thumb Code   354  gd32f4xx_rcu.o(.text.rcu_clock_freq_get)
    rcu_periph_clock_enable                  0x08001ea9   Thumb Code    40  gd32f4xx_rcu.o(.text.rcu_periph_clock_enable)
    rcu_periph_reset_disable                 0x08001ed1   Thumb Code    40  gd32f4xx_rcu.o(.text.rcu_periph_reset_disable)
    rcu_periph_reset_enable                  0x08001ef9   Thumb Code    40  gd32f4xx_rcu.o(.text.rcu_periph_reset_enable)
    start_task                               0x08001f21   Thumb Code   130  main.o(.text.start_task)
    task1                                    0x08002115   Thumb Code    44  main.o(.text.task1)
    task2                                    0x08002141   Thumb Code    44  main.o(.text.task2)
    usart_baudrate_set                       0x0800216d   Thumb Code   344  gd32f4xx_usart.o(.text.usart_baudrate_set)
    usart_data_first_config                  0x080022c5   Thumb Code    46  gd32f4xx_usart.o(.text.usart_data_first_config)
    usart_data_receive                       0x080022f5   Thumb Code    16  gd32f4xx_usart.o(.text.usart_data_receive)
    usart_data_transmit                      0x08002305   Thumb Code    24  gd32f4xx_usart.o(.text.usart_data_transmit)
    usart_deinit                             0x0800231d   Thumb Code   286  gd32f4xx_usart.o(.text.usart_deinit)
    usart_enable                             0x0800243d   Thumb Code    18  gd32f4xx_usart.o(.text.usart_enable)
    usart_flag_get                           0x08002451   Thumb Code    58  gd32f4xx_usart.o(.text.usart_flag_get)
    usart_interrupt_enable                   0x0800248d   Thumb Code    36  gd32f4xx_usart.o(.text.usart_interrupt_enable)
    usart_interrupt_flag_get                 0x080024b1   Thumb Code    94  gd32f4xx_usart.o(.text.usart_interrupt_flag_get)
    usart_parity_config                      0x08002511   Thumb Code    30  gd32f4xx_usart.o(.text.usart_parity_config)
    usart_receive_config                     0x08002531   Thumb Code    42  gd32f4xx_usart.o(.text.usart_receive_config)
    usart_stop_bit_set                       0x0800255d   Thumb Code    30  gd32f4xx_usart.o(.text.usart_stop_bit_set)
    usart_transmit_config                    0x0800257d   Thumb Code    42  gd32f4xx_usart.o(.text.usart_transmit_config)
    usart_word_length_set                    0x080025a9   Thumb Code    30  gd32f4xx_usart.o(.text.usart_word_length_set)
    uxListRemove                             0x080025c9   Thumb Code    72  list.o(.text.uxListRemove)
    vApplicationGetIdleTaskMemory            0x08002611   Thumb Code    42  cmsis_os2.o(.text.vApplicationGetIdleTaskMemory)
    vApplicationGetTimerTaskMemory           0x0800263d   Thumb Code    42  cmsis_os2.o(.text.vApplicationGetTimerTaskMemory)
    vApplicationStackOverflowHook            0x08002669   Thumb Code    10  cmsis_os2.o(.text.vApplicationStackOverflowHook)
    vListInitialise                          0x08002675   Thumb Code    46  list.o(.text.vListInitialise)
    vListInitialiseItem                      0x080026a5   Thumb Code    14  list.o(.text.vListInitialiseItem)
    vListInsert                              0x080026b5   Thumb Code   106  list.o(.text.vListInsert)
    vListInsertEnd                           0x08002721   Thumb Code    58  list.o(.text.vListInsertEnd)
    vPortEnterCritical                       0x08002771   Thumb Code    48  port.o(.text.vPortEnterCritical)
    vPortExitCritical                        0x080027a1   Thumb Code    38  port.o(.text.vPortExitCritical)
    vPortFree                                0x080027c9   Thumb Code   118  heap_4.o(.text.vPortFree)
    vPortSetupTimerInterrupt                 0x08002841   Thumb Code    68  port.o(.text.vPortSetupTimerInterrupt)
    vQueueWaitForMessageRestricted           0x08002885   Thumb Code   100  queue.o(.text.vQueueWaitForMessageRestricted)
    vTaskDelay                               0x080028e9   Thumb Code    74  tasks.o(.text.vTaskDelay)
    vTaskDelete                              0x08002935   Thumb Code   254  tasks.o(.text.vTaskDelete)
    vTaskInternalSetTimeOutState             0x08002a35   Thumb Code    36  tasks.o(.text.vTaskInternalSetTimeOutState)
    vTaskMissedYield                         0x08002a59   Thumb Code    14  tasks.o(.text.vTaskMissedYield)
    vTaskPlaceOnEventList                    0x08002a69   Thumb Code    38  tasks.o(.text.vTaskPlaceOnEventList)
    vTaskPlaceOnEventListRestricted          0x08002a91   Thumb Code    96  tasks.o(.text.vTaskPlaceOnEventListRestricted)
    vTaskStartScheduler                      0x08002af1   Thumb Code   196  tasks.o(.text.vTaskStartScheduler)
    vTaskSuspendAll                          0x08002bb5   Thumb Code    16  tasks.o(.text.vTaskSuspendAll)
    vTaskSwitchContext                       0x08002bc5   Thumb Code   260  tasks.o(.text.vTaskSwitchContext)
    xPortStartScheduler                      0x08002cc9   Thumb Code    84  port.o(.text.xPortStartScheduler)
    xPortSysTickHandler                      0x08002d1d   Thumb Code    60  port.o(.text.xPortSysTickHandler)
    xQueueGenericCreateStatic                0x08002d59   Thumb Code   108  queue.o(.text.xQueueGenericCreateStatic)
    xQueueGenericReset                       0x08002dc5   Thumb Code   208  queue.o(.text.xQueueGenericReset)
    xQueueReceive                            0x08002e95   Thumb Code   338  queue.o(.text.xQueueReceive)
    xTaskCheckForTimeOut                     0x08002fe9   Thumb Code   154  tasks.o(.text.xTaskCheckForTimeOut)
    xTaskCreate                              0x08003085   Thumb Code   166  tasks.o(.text.xTaskCreate)
    xTaskCreateStatic                        0x0800312d   Thumb Code   122  tasks.o(.text.xTaskCreateStatic)
    xTaskGetSchedulerState                   0x080031a9   Thumb Code    56  tasks.o(.text.xTaskGetSchedulerState)
    xTaskGetTickCount                        0x080031e1   Thumb Code    20  tasks.o(.text.xTaskGetTickCount)
    xTaskIncrementTick                       0x080031f5   Thumb Code   582  tasks.o(.text.xTaskIncrementTick)
    xTaskRemoveFromEventList                 0x0800343d   Thumb Code   380  tasks.o(.text.xTaskRemoveFromEventList)
    xTaskResumeAll                           0x080035b9   Thumb Code   522  tasks.o(.text.xTaskResumeAll)
    xTimerCreateTimerTask                    0x080037c5   Thumb Code   120  timers.o(.text.xTimerCreateTimerTask)
    __0printf                                0x0800383d   Thumb Code    22  printfa.o(i.__0printf)
    __1printf                                0x0800383d   Thumb Code     0  printfa.o(i.__0printf)
    __2printf                                0x0800383d   Thumb Code     0  printfa.o(i.__0printf)
    __c89printf                              0x0800383d   Thumb Code     0  printfa.o(i.__0printf)
    printf                                   0x0800383d   Thumb Code     0  printfa.o(i.__0printf)
    __scatterload_copy                       0x0800385d   Thumb Code    14  handlers.o(i.__scatterload_copy)
    __scatterload_null                       0x0800386b   Thumb Code     2  handlers.o(i.__scatterload_null)
    __scatterload_zeroinit                   0x0800386d   Thumb Code    14  handlers.o(i.__scatterload_zeroinit)
    uxTopUsedPriority                        0x08004174   Data           4  tasks.o(.rodata.uxTopUsedPriority)
    Region$$Table$$Base                      0x08004178   Number         0  anon$$obj.o(Region$$Table)
    Region$$Table$$Limit                     0x08004198   Number         0  anon$$obj.o(Region$$Table)
    __stdout                                 0x20000000   Data           4  stdout.o(.data)
    SystemCoreClock                          0x20000004   Data           4  system_gd32f4xx.o(.data.SystemCoreClock)
    pxCurrentTCB                             0x200000b4   Data           4  tasks.o(.bss.pxCurrentTCB)
    start_Handle                             0x2000052c   Data           4  main.o(.bss.start_Handle)
    task1_Handle                             0x20000530   Data           4  main.o(.bss.task1_Handle)
    task2_Handle                             0x20000534   Data           4  main.o(.bss.task2_Handle)
    __initial_sp                             0x20003010   Data           0  startup_gd32f407_427.o(STACK)



==============================================================================

Memory Map of the image

  Image Entry point : 0x08000189

  Load Region LR_IROM1 (Base: 0x08000000, Size: 0x000041a8, Max: 0x00080000, ABSOLUTE)

    Execution Region ER_IROM1 (Exec base: 0x08000000, Load base: 0x08000000, Size: 0x00004198, Max: 0x00080000, ABSOLUTE)

    Exec Addr    Load Addr    Size         Type   Attr      Idx    E Section Name        Object

    0x08000000   0x08000000   0x00000188   Data   RO          789    RESET               startup_gd32f407_427.o
    0x08000188   0x08000188   0x00000000   Code   RO         1300  * .ARM.Collect$$$$00000000  mc_w.l(entry.o)
    0x08000188   0x08000188   0x00000004   Code   RO         1337    .ARM.Collect$$$$00000001  mc_w.l(entry2.o)
    0x0800018c   0x0800018c   0x00000004   Code   RO         1340    .ARM.Collect$$$$00000004  mc_w.l(entry5.o)
    0x08000190   0x08000190   0x00000000   Code   RO         1342    .ARM.Collect$$$$00000008  mc_w.l(entry7b.o)
    0x08000190   0x08000190   0x00000000   Code   RO         1344    .ARM.Collect$$$$0000000A  mc_w.l(entry8b.o)
    0x08000190   0x08000190   0x00000008   Code   RO         1345    .ARM.Collect$$$$0000000B  mc_w.l(entry9a.o)
    0x08000198   0x08000198   0x00000000   Code   RO         1347    .ARM.Collect$$$$0000000D  mc_w.l(entry10a.o)
    0x08000198   0x08000198   0x00000000   Code   RO         1349    .ARM.Collect$$$$0000000F  mc_w.l(entry11a.o)
    0x08000198   0x08000198   0x00000004   Code   RO         1338    .ARM.Collect$$$$00002712  mc_w.l(entry2.o)
    0x0800019c   0x0800019c   0x00000024   Code   RO          790    .text               startup_gd32f407_427.o
    0x080001c0   0x080001c0   0x00000024   Code   RO         1303    .text               mc_w.l(memcpya.o)
    0x080001e4   0x080001e4   0x00000024   Code   RO         1305    .text               mc_w.l(memseta.o)
    0x08000208   0x08000208   0x0000002c   Code   RO         1361    .text               mc_w.l(uidiv.o)
    0x08000234   0x08000234   0x00000062   Code   RO         1363    .text               mc_w.l(uldiv.o)
    0x08000296   0x08000296   0x00000000   Code   RO         1365    .text               mc_w.l(iusefp.o)
    0x08000296   0x08000296   0x0000014e   Code   RO         1366    .text               mf_w.l(dadd.o)
    0x080003e4   0x080003e4   0x000000e4   Code   RO         1368    .text               mf_w.l(dmul.o)
    0x080004c8   0x080004c8   0x000000de   Code   RO         1370    .text               mf_w.l(ddiv.o)
    0x080005a6   0x080005a6   0x00000030   Code   RO         1372    .text               mf_w.l(dfixul.o)
    0x080005d6   0x080005d6   0x00000002   PAD
    0x080005d8   0x080005d8   0x00000030   Code   RO         1374    .text               mf_w.l(cdrcmple.o)
    0x08000608   0x08000608   0x00000030   Code   RO         1376    .text               mc_w.l(init.o)
    0x08000638   0x08000638   0x0000001e   Code   RO         1378    .text               mc_w.l(llshl.o)
    0x08000656   0x08000656   0x00000020   Code   RO         1380    .text               mc_w.l(llushr.o)
    0x08000676   0x08000676   0x00000024   Code   RO         1382    .text               mc_w.l(llsshr.o)
    0x0800069a   0x0800069a   0x000000ba   Code   RO         1384    .text               mf_w.l(depilogue.o)
    0x08000754   0x08000754   0x00000004   Code   RO           32    .text.BusFault_Handler  gd32f4xx_it.o
    0x08000758   0x08000758   0x00000004   Code   RO           36    .text.DebugMon_Handler  gd32f4xx_it.o
    0x0800075c   0x0800075c   0x0000001c   Code   RO            4    .text.GPIO_config   main.o
    0x08000778   0x08000778   0x00000004   Code   RO           28    .text.HardFault_Handler  gd32f4xx_it.o
    0x0800077c   0x0800077c   0x00000004   Code   RO           30    .text.MemManage_Handler  gd32f4xx_it.o
    0x08000780   0x08000780   0x00000004   Code   RO           26    .text.NMI_Handler   gd32f4xx_it.o
    0x08000784   0x08000784   0x0000000c   PAD
    0x08000790   0x08000790   0x00000064   Code   RO          890    .text.PendSV_Handler  port.o
    0x080007f4   0x080007f4   0x0000000c   PAD
    0x08000800   0x08000800   0x00000024   Code   RO          874    .text.SVC_Handler   port.o
    0x08000824   0x08000824   0x0000001e   Code   RO          128    .text.SysTick_Handler  cmsis_os2.o
    0x08000842   0x08000842   0x00000002   PAD
    0x08000844   0x08000844   0x000000fa   Code   RO          797    .text.SystemInit    system_gd32f4xx.o
    0x0800093e   0x0800093e   0x00000002   PAD
    0x08000940   0x08000940   0x000000a0   Code   RO          106    .text.USART0_IRQHandler  lib_usart0.o
    0x080009e0   0x080009e0   0x00000004   Code   RO           34    .text.UsageFault_Handler  gd32f4xx_it.o
    0x080009e4   0x080009e4   0x00000016   Code   RO          108    .text.fputc         lib_usart0.o
    0x080009fa   0x080009fa   0x00000002   PAD
    0x080009fc   0x080009fc   0x000000d4   Code   RO          459    .text.gpio_af_set   gd32f4xx_gpio.o
    0x08000ad0   0x08000ad0   0x0000009c   Code   RO          439    .text.gpio_mode_set  gd32f4xx_gpio.o
    0x08000b6c   0x08000b6c   0x00000092   Code   RO          441    .text.gpio_output_options_set  gd32f4xx_gpio.o
    0x08000bfe   0x08000bfe   0x00000002   PAD
    0x08000c00   0x08000c00   0x00000002   Code   RO          119    .text.lib_exti_init  lib_exti.o
    0x08000c02   0x08000c02   0x00000002   PAD
    0x08000c04   0x08000c04   0x00000114   Code   RO           98    .text.lib_usart0_init  lib_usart0.o
    0x08000d18   0x08000d18   0x00000018   Code   RO            2    .text.lib_usart0_on_recv  main.o
    0x08000d30   0x08000d30   0x00000032   Code   RO          100    .text.lib_usart0_send_byte  lib_usart0.o
    0x08000d62   0x08000d62   0x00000002   PAD
    0x08000d64   0x08000d64   0x00000008   Code   RO           90    .text.lib_usart_init  lib_usart.o
    0x08000d6c   0x08000d6c   0x00000036   Code   RO           12    .text.main          main.o
    0x08000da2   0x08000da2   0x00000002   PAD
    0x08000da4   0x08000da4   0x00000128   Code   RO          476    .text.nvic_irq_enable  gd32f4xx_misc.o
    0x08000ecc   0x08000ecc   0x0000001c   Code   RO          474    .text.nvic_priority_group_set  gd32f4xx_misc.o
    0x08000ee8   0x08000ee8   0x000000fa   Code   RO         1090    .text.prvAddCurrentTaskToDelayedList  tasks.o
    0x08000fe2   0x08000fe2   0x00000002   PAD
    0x08000fe4   0x08000fe4   0x00000160   Code   RO         1076    .text.prvAddNewTaskToReadyList  tasks.o
    0x08001144   0x08001144   0x0000007e   Code   RO         1228    .text.prvCheckForValidListAndQueue  timers.o
    0x080011c2   0x080011c2   0x00000002   PAD
    0x080011c4   0x080011c4   0x0000005a   Code   RO         1194    .text.prvCheckTasksWaitingTermination  tasks.o
    0x0800121e   0x0800121e   0x00000002   PAD
    0x08001220   0x08001220   0x00000042   Code   RO          976    .text.prvCopyDataFromQueue  queue.o
    0x08001262   0x08001262   0x00000002   PAD
    0x08001264   0x08001264   0x0000003c   Code   RO         1084    .text.prvDeleteTCB  tasks.o
    0x080012a0   0x080012a0   0x00000040   Code   RO         1268    .text.prvGetNextExpireTime  timers.o
    0x080012e0   0x080012e0   0x000000ae   Code   RO          904    .text.prvHeapInit   heap_4.o
    0x0800138e   0x0800138e   0x00000002   PAD
    0x08001390   0x08001390   0x00000038   Code   RO         1116    .text.prvIdleTask   tasks.o
    0x080013c8   0x080013c8   0x00000048   Code   RO          938    .text.prvInitialiseNewQueue  queue.o
    0x08001410   0x08001410   0x000000e6   Code   RO         1074    .text.prvInitialiseNewTask  tasks.o
    0x080014f6   0x080014f6   0x00000002   PAD
    0x080014f8   0x080014f8   0x0000008e   Code   RO         1192    .text.prvInitialiseTaskLists  tasks.o
    0x08001586   0x08001586   0x00000002   PAD
    0x08001588   0x08001588   0x000000c6   Code   RO          906    .text.prvInsertBlockIntoFreeList  heap_4.o
    0x0800164e   0x0800164e   0x00000002   PAD
    0x08001650   0x08001650   0x00000086   Code   RO         1282    .text.prvInsertTimerInActiveList  timers.o
    0x080016d6   0x080016d6   0x00000002   PAD
    0x080016d8   0x080016d8   0x00000028   Code   RO          978    .text.prvIsQueueEmpty  queue.o
    0x08001700   0x08001700   0x00000028   Code   RO          882    .text.prvPortStartFirstTask  port.o
    0x08001728   0x08001728   0x00000054   Code   RO         1276    .text.prvProcessExpiredTimer  timers.o
    0x0800177c   0x0800177c   0x00000144   Code   RO         1272    .text.prvProcessReceivedCommands  timers.o
    0x080018c0   0x080018c0   0x0000009a   Code   RO         1270    .text.prvProcessTimerOrBlockTask  timers.o
    0x0800195a   0x0800195a   0x00000002   PAD
    0x0800195c   0x0800195c   0x00000034   Code   RO         1280    .text.prvReloadTimer  timers.o
    0x08001990   0x08001990   0x0000003c   Code   RO         1082    .text.prvResetNextTaskUnblockTime  tasks.o
    0x080019cc   0x080019cc   0x00000044   Code   RO         1274    .text.prvSampleTimeNow  timers.o
    0x08001a10   0x08001a10   0x00000052   Code   RO         1278    .text.prvSwitchTimerLists  timers.o
    0x08001a62   0x08001a62   0x00000002   PAD
    0x08001a64   0x08001a64   0x00000026   Code   RO          872    .text.prvTaskExitError  port.o
    0x08001a8a   0x08001a8a   0x00000002   PAD
    0x08001a8c   0x08001a8c   0x0000001e   Code   RO         1230    .text.prvTimerTask  timers.o
    0x08001aaa   0x08001aaa   0x00000002   PAD
    0x08001aac   0x08001aac   0x000000ae   Code   RO          968    .text.prvUnlockQueue  queue.o
    0x08001b5a   0x08001b5a   0x00000002   PAD
    0x08001b5c   0x08001b5c   0x00000186   Code   RO          902    .text.pvPortMalloc  heap_4.o
    0x08001ce2   0x08001ce2   0x00000002   PAD
    0x08001ce4   0x08001ce4   0x0000005e   Code   RO          870    .text.pxPortInitialiseStack  port.o
    0x08001d42   0x08001d42   0x00000002   PAD
    0x08001d44   0x08001d44   0x00000162   Code   RO          627    .text.rcu_clock_freq_get  gd32f4xx_rcu.o
    0x08001ea6   0x08001ea6   0x00000002   PAD
    0x08001ea8   0x08001ea8   0x00000028   Code   RO          549    .text.rcu_periph_clock_enable  gd32f4xx_rcu.o
    0x08001ed0   0x08001ed0   0x00000028   Code   RO          559    .text.rcu_periph_reset_disable  gd32f4xx_rcu.o
    0x08001ef8   0x08001ef8   0x00000028   Code   RO          557    .text.rcu_periph_reset_enable  gd32f4xx_rcu.o
    0x08001f20   0x08001f20   0x00000082   Code   RO           10    .text.start_task    main.o
    0x08001fa2   0x08001fa2   0x00000002   PAD
    0x08001fa4   0x08001fa4   0x00000168   Code   RO          803    .text.system_clock_168m_8m_hxtal  system_gd32f4xx.o
    0x0800210c   0x0800210c   0x00000008   Code   RO          799    .text.system_clock_config  system_gd32f4xx.o
    0x08002114   0x08002114   0x0000002c   Code   RO            6    .text.task1         main.o
    0x08002140   0x08002140   0x0000002c   Code   RO            8    .text.task2         main.o
    0x0800216c   0x0800216c   0x00000158   Code   RO          673    .text.usart_baudrate_set  gd32f4xx_usart.o
    0x080022c4   0x080022c4   0x0000002e   Code   RO          689    .text.usart_data_first_config  gd32f4xx_usart.o
    0x080022f2   0x080022f2   0x00000002   PAD
    0x080022f4   0x080022f4   0x00000010   Code   RO          705    .text.usart_data_receive  gd32f4xx_usart.o
    0x08002304   0x08002304   0x00000018   Code   RO          703    .text.usart_data_transmit  gd32f4xx_usart.o
    0x0800231c   0x0800231c   0x0000011e   Code   RO          671    .text.usart_deinit  gd32f4xx_usart.o
    0x0800243a   0x0800243a   0x00000002   PAD
    0x0800243c   0x0800243c   0x00000012   Code   RO          681    .text.usart_enable  gd32f4xx_usart.o
    0x0800244e   0x0800244e   0x00000002   PAD
    0x08002450   0x08002450   0x0000003a   Code   RO          769    .text.usart_flag_get  gd32f4xx_usart.o
    0x0800248a   0x0800248a   0x00000002   PAD
    0x0800248c   0x0800248c   0x00000024   Code   RO          773    .text.usart_interrupt_enable  gd32f4xx_usart.o
    0x080024b0   0x080024b0   0x0000005e   Code   RO          777    .text.usart_interrupt_flag_get  gd32f4xx_usart.o
    0x0800250e   0x0800250e   0x00000002   PAD
    0x08002510   0x08002510   0x0000001e   Code   RO          675    .text.usart_parity_config  gd32f4xx_usart.o
    0x0800252e   0x0800252e   0x00000002   PAD
    0x08002530   0x08002530   0x0000002a   Code   RO          687    .text.usart_receive_config  gd32f4xx_usart.o
    0x0800255a   0x0800255a   0x00000002   PAD
    0x0800255c   0x0800255c   0x0000001e   Code   RO          679    .text.usart_stop_bit_set  gd32f4xx_usart.o
    0x0800257a   0x0800257a   0x00000002   PAD
    0x0800257c   0x0800257c   0x0000002a   Code   RO          685    .text.usart_transmit_config  gd32f4xx_usart.o
    0x080025a6   0x080025a6   0x00000002   PAD
    0x080025a8   0x080025a8   0x0000001e   Code   RO          677    .text.usart_word_length_set  gd32f4xx_usart.o
    0x080025c6   0x080025c6   0x00000002   PAD
    0x080025c8   0x080025c8   0x00000048   Code   RO          861    .text.uxListRemove  list.o
    0x08002610   0x08002610   0x0000002a   Code   RO          286    .text.vApplicationGetIdleTaskMemory  cmsis_os2.o
    0x0800263a   0x0800263a   0x00000002   PAD
    0x0800263c   0x0800263c   0x0000002a   Code   RO          288    .text.vApplicationGetTimerTaskMemory  cmsis_os2.o
    0x08002666   0x08002666   0x00000002   PAD
    0x08002668   0x08002668   0x0000000a   Code   RO          284    .text.vApplicationStackOverflowHook  cmsis_os2.o
    0x08002672   0x08002672   0x00000002   PAD
    0x08002674   0x08002674   0x0000002e   Code   RO          853    .text.vListInitialise  list.o
    0x080026a2   0x080026a2   0x00000002   PAD
    0x080026a4   0x080026a4   0x0000000e   Code   RO          855    .text.vListInitialiseItem  list.o
    0x080026b2   0x080026b2   0x00000002   PAD
    0x080026b4   0x080026b4   0x0000006a   Code   RO          859    .text.vListInsert   list.o
    0x0800271e   0x0800271e   0x00000002   PAD
    0x08002720   0x08002720   0x0000003a   Code   RO          857    .text.vListInsertEnd  list.o
    0x0800275a   0x0800275a   0x00000002   PAD
    0x0800275c   0x0800275c   0x00000014   Code   RO          880    .text.vPortEnableVFP  port.o
    0x08002770   0x08002770   0x00000030   Code   RO          886    .text.vPortEnterCritical  port.o
    0x080027a0   0x080027a0   0x00000026   Code   RO          888    .text.vPortExitCritical  port.o
    0x080027c6   0x080027c6   0x00000002   PAD
    0x080027c8   0x080027c8   0x00000076   Code   RO          908    .text.vPortFree     heap_4.o
    0x0800283e   0x0800283e   0x00000002   PAD
    0x08002840   0x08002840   0x00000044   Code   RO          878    .text.vPortSetupTimerInterrupt  port.o
    0x08002884   0x08002884   0x00000064   Code   RO         1006    .text.vQueueWaitForMessageRestricted  queue.o
    0x080028e8   0x080028e8   0x0000004a   Code   RO         1094    .text.vTaskDelay    tasks.o
    0x08002932   0x08002932   0x00000002   PAD
    0x08002934   0x08002934   0x000000fe   Code   RO         1080    .text.vTaskDelete   tasks.o
    0x08002a32   0x08002a32   0x00000002   PAD
    0x08002a34   0x08002a34   0x00000024   Code   RO         1148    .text.vTaskInternalSetTimeOutState  tasks.o
    0x08002a58   0x08002a58   0x0000000e   Code   RO         1152    .text.vTaskMissedYield  tasks.o
    0x08002a66   0x08002a66   0x00000002   PAD
    0x08002a68   0x08002a68   0x00000026   Code   RO         1136    .text.vTaskPlaceOnEventList  tasks.o
    0x08002a8e   0x08002a8e   0x00000002   PAD
    0x08002a90   0x08002a90   0x00000060   Code   RO         1140    .text.vTaskPlaceOnEventListRestricted  tasks.o
    0x08002af0   0x08002af0   0x000000c4   Code   RO         1114    .text.vTaskStartScheduler  tasks.o
    0x08002bb4   0x08002bb4   0x00000010   Code   RO         1088    .text.vTaskSuspendAll  tasks.o
    0x08002bc4   0x08002bc4   0x00000104   Code   RO         1106    .text.vTaskSwitchContext  tasks.o
    0x08002cc8   0x08002cc8   0x00000054   Code   RO          876    .text.xPortStartScheduler  port.o
    0x08002d1c   0x08002d1c   0x0000003c   Code   RO          892    .text.xPortSysTickHandler  port.o
    0x08002d58   0x08002d58   0x0000006c   Code   RO          936    .text.xQueueGenericCreateStatic  queue.o
    0x08002dc4   0x08002dc4   0x000000d0   Code   RO          934    .text.xQueueGenericReset  queue.o
    0x08002e94   0x08002e94   0x00000152   Code   RO          974    .text.xQueueReceive  queue.o
    0x08002fe6   0x08002fe6   0x00000002   PAD
    0x08002fe8   0x08002fe8   0x0000009a   Code   RO         1150    .text.xTaskCheckForTimeOut  tasks.o
    0x08003082   0x08003082   0x00000002   PAD
    0x08003084   0x08003084   0x000000a6   Code   RO         1078    .text.xTaskCreate   tasks.o
    0x0800312a   0x0800312a   0x00000002   PAD
    0x0800312c   0x0800312c   0x0000007a   Code   RO         1072    .text.xTaskCreateStatic  tasks.o
    0x080031a6   0x080031a6   0x00000002   PAD
    0x080031a8   0x080031a8   0x00000038   Code   RO         1166    .text.xTaskGetSchedulerState  tasks.o
    0x080031e0   0x080031e0   0x00000014   Code   RO         1122    .text.xTaskGetTickCount  tasks.o
    0x080031f4   0x080031f4   0x00000246   Code   RO         1120    .text.xTaskIncrementTick  tasks.o
    0x0800343a   0x0800343a   0x00000002   PAD
    0x0800343c   0x0800343c   0x0000017c   Code   RO         1142    .text.xTaskRemoveFromEventList  tasks.o
    0x080035b8   0x080035b8   0x0000020a   Code   RO         1092    .text.xTaskResumeAll  tasks.o
    0x080037c2   0x080037c2   0x00000002   PAD
    0x080037c4   0x080037c4   0x00000078   Code   RO         1226    .text.xTimerCreateTimerTask  timers.o
    0x0800383c   0x0800383c   0x00000020   Code   RO         1310    i.__0printf         mc_w.l(printfa.o)
    0x0800385c   0x0800385c   0x0000000e   Code   RO         1388    i.__scatterload_copy  mc_w.l(handlers.o)
    0x0800386a   0x0800386a   0x00000002   Code   RO         1389    i.__scatterload_null  mc_w.l(handlers.o)
    0x0800386c   0x0800386c   0x0000000e   Code   RO         1390    i.__scatterload_zeroinit  mc_w.l(handlers.o)
    0x0800387a   0x0800387a   0x00000002   PAD
    0x0800387c   0x0800387c   0x00000184   Code   RO         1317    i._fp_digits        mc_w.l(printfa.o)
    0x08003a00   0x08003a00   0x000006dc   Code   RO         1318    i._printf_core      mc_w.l(printfa.o)
    0x080040dc   0x080040dc   0x00000024   Code   RO         1319    i._printf_post_padding  mc_w.l(printfa.o)
    0x08004100   0x08004100   0x0000002e   Code   RO         1320    i._printf_pre_padding  mc_w.l(printfa.o)
    0x0800412e   0x0800412e   0x00000039   Data   RO           14    .rodata.str1.1      main.o
    0x08004167   0x08004167   0x00000005   Data   RO         1212    .rodata.str1.1      tasks.o
    0x0800416c   0x0800416c   0x00000008   Data   RO         1285    .rodata.str1.1      timers.o
    0x08004174   0x08004174   0x00000004   Data   RO         1197    .rodata.uxTopUsedPriority  tasks.o
    0x08004178   0x08004178   0x00000020   Data   RO         1387    Region$$Table       anon$$obj.o


    Execution Region RW_IRAM1 (Exec base: 0x20000000, Load base: 0x08004198, Size: 0x00003010, Max: 0x00020000, ABSOLUTE)

    Exec Addr    Load Addr    Size         Type   Attr      Idx    E Section Name        Object

    0x20000000   0x08004198   0x00000004   Data   RW         1351    .data               mc_w.l(stdout.o)
    0x20000004   0x0800419c   0x00000004   Data   RW          805    .data.SystemCoreClock  system_gd32f4xx.o
    0x20000008   0x080041a0   0x00000004   Data   RW          894    .data.uxCriticalNesting  port.o
    0x2000000c   0x080041a4   0x00000004   PAD
    0x20000010        -       0x00000050   Zero   RW         1293    .bss.prvCheckForValidListAndQueue.ucStaticTimerQueueStorage  timers.o
    0x20000060        -       0x00000050   Zero   RW         1292    .bss.prvCheckForValidListAndQueue.xStaticTimerQueue  timers.o
    0x200000b0        -       0x00000004   Zero   RW         1289    .bss.prvSampleTimeNow.xLastTime  timers.o
    0x200000b4        -       0x00000004   Zero   RW         1196    .bss.pxCurrentTCB   tasks.o
    0x200000b8        -       0x00000004   Zero   RW         1287    .bss.pxCurrentTimerList  timers.o
    0x200000bc        -       0x00000004   Zero   RW         1204    .bss.pxDelayedTaskList  tasks.o
    0x200000c0        -       0x00000004   Zero   RW          920    .bss.pxEnd          heap_4.o
    0x200000c4        -       0x00000004   Zero   RW         1205    .bss.pxOverflowDelayedTaskList  tasks.o
    0x200000c8        -       0x00000004   Zero   RW         1288    .bss.pxOverflowTimerList  timers.o
    0x200000cc        -       0x00000460   Zero   RW         1207    .bss.pxReadyTasksLists  tasks.o
    0x2000052c        -       0x00000004   Zero   RW           17    .bss.start_Handle   main.o
    0x20000530        -       0x00000004   Zero   RW           15    .bss.task1_Handle   main.o
    0x20000534        -       0x00000004   Zero   RW           16    .bss.task2_Handle   main.o
    0x20000538        -       0x00002000   Zero   RW          926    .bss.ucHeap         heap_4.o
    0x20002538        -       0x00000200   Zero   RW          110    .bss.usart0_recv_buff  lib_usart0.o
    0x20002738        -       0x00000004   Zero   RW          111    .bss.usart0_recv_len  lib_usart0.o
    0x2000273c        -       0x00000004   Zero   RW         1201    .bss.uxCurrentNumberOfTasks  tasks.o
    0x20002740        -       0x00000004   Zero   RW         1200    .bss.uxDeletedTasksWaitingCleanUp  tasks.o
    0x20002744        -       0x00000004   Zero   RW         1209    .bss.uxSchedulerSuspended  tasks.o
    0x20002748        -       0x00000004   Zero   RW         1198    .bss.uxTaskNumber   tasks.o
    0x2000274c        -       0x00000004   Zero   RW         1208    .bss.uxTopReadyPriority  tasks.o
    0x20002750        -       0x00000200   Zero   RW          295    .bss.vApplicationGetIdleTaskMemory.Idle_Stack  cmsis_os2.o
    0x20002950        -       0x0000005c   Zero   RW          294    .bss.vApplicationGetIdleTaskMemory.Idle_TCB  cmsis_os2.o
    0x200029ac        -       0x00000140   Zero   RW          297    .bss.vApplicationGetTimerTaskMemory.Timer_Stack  cmsis_os2.o
    0x20002aec        -       0x0000005c   Zero   RW          296    .bss.vApplicationGetTimerTaskMemory.Timer_TCB  cmsis_os2.o
    0x20002b48        -       0x00000014   Zero   RW         1290    .bss.xActiveTimerList1  timers.o
    0x20002b5c        -       0x00000014   Zero   RW         1291    .bss.xActiveTimerList2  timers.o
    0x20002b70        -       0x00000014   Zero   RW         1217    .bss.xDelayedTaskList1  tasks.o
    0x20002b84        -       0x00000014   Zero   RW         1218    .bss.xDelayedTaskList2  tasks.o
    0x20002b98        -       0x00000004   Zero   RW          921    .bss.xFreeBytesRemaining  heap_4.o
    0x20002b9c        -       0x00000004   Zero   RW         1213    .bss.xIdleTaskHandle  tasks.o
    0x20002ba0        -       0x00000004   Zero   RW          923    .bss.xMinimumEverFreeBytesRemaining  heap_4.o
    0x20002ba4        -       0x00000004   Zero   RW         1214    .bss.xNextTaskUnblockTime  tasks.o
    0x20002ba8        -       0x00000004   Zero   RW         1216    .bss.xNumOfOverflows  tasks.o
    0x20002bac        -       0x00000004   Zero   RW          924    .bss.xNumberOfSuccessfulAllocations  heap_4.o
    0x20002bb0        -       0x00000004   Zero   RW          925    .bss.xNumberOfSuccessfulFrees  heap_4.o
    0x20002bb4        -       0x00000004   Zero   RW         1215    .bss.xPendedTicks   tasks.o
    0x20002bb8        -       0x00000014   Zero   RW         1211    .bss.xPendingReadyList  tasks.o
    0x20002bcc        -       0x00000004   Zero   RW         1202    .bss.xSchedulerRunning  tasks.o
    0x20002bd0        -       0x00000008   Zero   RW          922    .bss.xStart         heap_4.o
    0x20002bd8        -       0x00000014   Zero   RW         1206    .bss.xSuspendedTaskList  tasks.o
    0x20002bec        -       0x00000014   Zero   RW         1199    .bss.xTasksWaitingTermination  tasks.o
    0x20002c00        -       0x00000004   Zero   RW         1203    .bss.xTickCount     tasks.o
    0x20002c04        -       0x00000004   Zero   RW         1284    .bss.xTimerQueue    timers.o
    0x20002c08        -       0x00000004   Zero   RW         1286    .bss.xTimerTaskHandle  timers.o
    0x20002c0c        -       0x00000004   Zero   RW         1210    .bss.xYieldPending  tasks.o
    0x20002c10        -       0x00000400   Zero   RW          787    STACK               startup_gd32f407_427.o


==============================================================================

Image component sizes


      Code (inc. data)   RO Data    RW Data    ZI Data      Debug   Object Name

       124          0          0          0       1016      33256   cmsis_os2.o
       514          0          0          0          0       5035   gd32f4xx_gpio.o
        24          0          0          0          0        793   gd32f4xx_it.o
       324          0          0          0          0       3070   gd32f4xx_misc.o
       474          4          0          0          0      15122   gd32f4xx_rcu.o
      1096          0          0          0          0      12017   gd32f4xx_usart.o
       880          0          0          0       8220       4385   heap_4.o
         2          0          0          0          0        404   lib_exti.o
         8          0          0          0          0        421   lib_usart.o
       508          0          0          0        516       6965   lib_usart0.o
       296          0          0          0          0       2335   list.o
       324          0         57          0         12       3195   main.o
       626         16          0          4          0       2835   port.o
      1106          0          0          0          0      14384   queue.o
        36          8        392          0       1024        900   startup_gd32f407_427.o
       618          0          0          4          0       2543   system_gd32f4xx.o
      4226          0          9          0       1280      23298   tasks.o
      1238         10          8          0        220      10558   timers.o

    ----------------------------------------------------------------------
     12556         50        498          8      12292     141516   Object Totals
         0          0         32          0          0          0   (incl. Generated)
       132         12          0          0          4          0   (incl. Padding)

    ----------------------------------------------------------------------

      Code (inc. data)   RO Data    RW Data    ZI Data      Debug   Library Member Name

         0          0          0          0          0          0   entry.o
         0          0          0          0          0          0   entry10a.o
         0          0          0          0          0          0   entry11a.o
         8          4          0          0          0          0   entry2.o
         4          0          0          0          0          0   entry5.o
         0          0          0          0          0          0   entry7b.o
         0          0          0          0          0          0   entry8b.o
         8          4          0          0          0          0   entry9a.o
        30          0          0          0          0          0   handlers.o
        48         10          0          0          0         68   init.o
         0          0          0          0          0          0   iusefp.o
        30          0          0          0          0         68   llshl.o
        36          0          0          0          0         68   llsshr.o
        32          0          0          0          0         68   llushr.o
        36          0          0          0          0         68   memcpya.o
        36          0          0          0          0        108   memseta.o
      2258         90          0          0          0        452   printfa.o
         0          0          0          4          0          0   stdout.o
        44          0          0          0          0         80   uidiv.o
        98          0          0          0          0         92   uldiv.o
        48          0          0          0          0         68   cdrcmple.o
       334          0          0          0          0        148   dadd.o
       222          0          0          0          0        100   ddiv.o
       186          0          0          0          0        176   depilogue.o
        48          0          0          0          0         68   dfixul.o
       228          0          0          0          0         96   dmul.o

    ----------------------------------------------------------------------
      3738        108          0          4          0       1728   Library Totals
         4          0          0          0          0          0   (incl. Padding)

    ----------------------------------------------------------------------

      Code (inc. data)   RO Data    RW Data    ZI Data      Debug   Library Name

      2668        108          0          4          0       1072   mc_w.l
      1066          0          0          0          0        656   mf_w.l

    ----------------------------------------------------------------------
      3738        108          0          4          0       1728   Library Totals

    ----------------------------------------------------------------------

==============================================================================


      Code (inc. data)   RO Data    RW Data    ZI Data      Debug   

     16294        158        498         12      12292     142244   Grand Totals
     16294        158        498         12      12292     142244   ELF Image Totals
     16294        158        498         12          0          0   ROM Totals

==============================================================================

    Total RO  Size (Code + RO Data)                16792 (  16.40kB)
    Total RW  Size (RW Data + ZI Data)             12304 (  12.02kB)
    Total ROM Size (Code + RO Data + RW Data)      16804 (  16.41kB)

==============================================================================

